Archive member included to satisfy reference by file (symbol)

/Applications/STM32CubeIDE.app/Contents/Eclipse/plugins/com.st.stm32cube.ide.mcu.externaltools.gnu-tools-for-stm32.10.3-2021.10.macos64_1.0.100.202210260954/tools/bin/../lib/gcc/arm-none-eabi/10.3.1/../../../../arm-none-eabi/lib/thumb/v7e-m+fp/hard/libc_nano.a(lib_a-errno.o)
                              ./Core/Src/syscalls.o (__errno)
/Applications/STM32CubeIDE.app/Contents/Eclipse/plugins/com.st.stm32cube.ide.mcu.externaltools.gnu-tools-for-stm32.10.3-2021.10.macos64_1.0.100.202210260954/tools/bin/../lib/gcc/arm-none-eabi/10.3.1/../../../../arm-none-eabi/lib/thumb/v7e-m+fp/hard/libc_nano.a(lib_a-exit.o)
                              /Applications/STM32CubeIDE.app/Contents/Eclipse/plugins/com.st.stm32cube.ide.mcu.externaltools.gnu-tools-for-stm32.10.3-2021.10.macos64_1.0.100.202210260954/tools/bin/../lib/gcc/arm-none-eabi/10.3.1/../../../../arm-none-eabi/lib/thumb/v7e-m+fp/hard/crt0.o (exit)
/Applications/STM32CubeIDE.app/Contents/Eclipse/plugins/com.st.stm32cube.ide.mcu.externaltools.gnu-tools-for-stm32.10.3-2021.10.macos64_1.0.100.202210260954/tools/bin/../lib/gcc/arm-none-eabi/10.3.1/../../../../arm-none-eabi/lib/thumb/v7e-m+fp/hard/libc_nano.a(lib_a-impure.o)
                              /Applications/STM32CubeIDE.app/Contents/Eclipse/plugins/com.st.stm32cube.ide.mcu.externaltools.gnu-tools-for-stm32.10.3-2021.10.macos64_1.0.100.202210260954/tools/bin/../lib/gcc/arm-none-eabi/10.3.1/../../../../arm-none-eabi/lib/thumb/v7e-m+fp/hard/libc_nano.a(lib_a-exit.o) (_global_impure_ptr)
/Applications/STM32CubeIDE.app/Contents/Eclipse/plugins/com.st.stm32cube.ide.mcu.externaltools.gnu-tools-for-stm32.10.3-2021.10.macos64_1.0.100.202210260954/tools/bin/../lib/gcc/arm-none-eabi/10.3.1/../../../../arm-none-eabi/lib/thumb/v7e-m+fp/hard/libc_nano.a(lib_a-init.o)
                              /Applications/STM32CubeIDE.app/Contents/Eclipse/plugins/com.st.stm32cube.ide.mcu.externaltools.gnu-tools-for-stm32.10.3-2021.10.macos64_1.0.100.202210260954/tools/bin/../lib/gcc/arm-none-eabi/10.3.1/../../../../arm-none-eabi/lib/thumb/v7e-m+fp/hard/crt0.o (__libc_init_array)
/Applications/STM32CubeIDE.app/Contents/Eclipse/plugins/com.st.stm32cube.ide.mcu.externaltools.gnu-tools-for-stm32.10.3-2021.10.macos64_1.0.100.202210260954/tools/bin/../lib/gcc/arm-none-eabi/10.3.1/../../../../arm-none-eabi/lib/thumb/v7e-m+fp/hard/libc_nano.a(lib_a-memcpy-stub.o)
                              ./Core/Src/main.o (memcpy)
/Applications/STM32CubeIDE.app/Contents/Eclipse/plugins/com.st.stm32cube.ide.mcu.externaltools.gnu-tools-for-stm32.10.3-2021.10.macos64_1.0.100.202210260954/tools/bin/../lib/gcc/arm-none-eabi/10.3.1/../../../../arm-none-eabi/lib/thumb/v7e-m+fp/hard/libc_nano.a(lib_a-memset.o)
                              /Applications/STM32CubeIDE.app/Contents/Eclipse/plugins/com.st.stm32cube.ide.mcu.externaltools.gnu-tools-for-stm32.10.3-2021.10.macos64_1.0.100.202210260954/tools/bin/../lib/gcc/arm-none-eabi/10.3.1/../../../../arm-none-eabi/lib/thumb/v7e-m+fp/hard/crt0.o (memset)
/Applications/STM32CubeIDE.app/Contents/Eclipse/plugins/com.st.stm32cube.ide.mcu.externaltools.gnu-tools-for-stm32.10.3-2021.10.macos64_1.0.100.202210260954/tools/bin/../lib/gcc/arm-none-eabi/10.3.1/thumb/v7e-m+fp/hard/libgcc.a(_arm_muldf3.o)
                              ./Core/Src/main.o (__aeabi_dmul)
/Applications/STM32CubeIDE.app/Contents/Eclipse/plugins/com.st.stm32cube.ide.mcu.externaltools.gnu-tools-for-stm32.10.3-2021.10.macos64_1.0.100.202210260954/tools/bin/../lib/gcc/arm-none-eabi/10.3.1/thumb/v7e-m+fp/hard/libgcc.a(_arm_addsubdf3.o)
                              ./Core/Src/funksjoner_manpu.o (__aeabi_f2d)
/Applications/STM32CubeIDE.app/Contents/Eclipse/plugins/com.st.stm32cube.ide.mcu.externaltools.gnu-tools-for-stm32.10.3-2021.10.macos64_1.0.100.202210260954/tools/bin/../lib/gcc/arm-none-eabi/10.3.1/thumb/v7e-m+fp/hard/libgcc.a(_arm_muldivdf3.o)
                              ./Core/Src/funksjoner_manpu.o (__aeabi_ddiv)
/Applications/STM32CubeIDE.app/Contents/Eclipse/plugins/com.st.stm32cube.ide.mcu.externaltools.gnu-tools-for-stm32.10.3-2021.10.macos64_1.0.100.202210260954/tools/bin/../lib/gcc/arm-none-eabi/10.3.1/thumb/v7e-m+fp/hard/libgcc.a(_arm_fixdfsi.o)
                              ./Core/Src/main.o (__aeabi_d2iz)
/Applications/STM32CubeIDE.app/Contents/Eclipse/plugins/com.st.stm32cube.ide.mcu.externaltools.gnu-tools-for-stm32.10.3-2021.10.macos64_1.0.100.202210260954/tools/bin/../lib/gcc/arm-none-eabi/10.3.1/thumb/v7e-m+fp/hard/libgcc.a(_arm_truncdfsf2.o)
                              ./Core/Src/funksjoner_manpu.o (__aeabi_d2f)
/Applications/STM32CubeIDE.app/Contents/Eclipse/plugins/com.st.stm32cube.ide.mcu.externaltools.gnu-tools-for-stm32.10.3-2021.10.macos64_1.0.100.202210260954/tools/bin/../lib/gcc/arm-none-eabi/10.3.1/thumb/v7e-m+fp/hard/libgcc.a(_aeabi_uldivmod.o)
                              ./Drivers/STM32G4xx_HAL_Driver/Src/stm32g4xx_hal_uart.o (__aeabi_uldivmod)
[...]
Memory Configuration

Name             Origin             Length             Attributes
RAM              0x0000000020000000 0x0000000000008000 xrw
FLASH            0x0000000008000000 0x0000000000020000 xr
*default*        0x0000000000000000 0xffffffffffffffff

Linker script and memory map

LOAD /Applications/STM32CubeIDE.app/Contents/Eclipse/plugins/com.st.stm32cube.ide.mcu.externaltools.gnu-tools-for-stm32.10.3-2021.10.macos64_1.0.100.202210260954/tools/bin/../lib/gcc/arm-none-eabi/10.3.1/thumb/v7e-m+fp/hard/crti.o
LOAD /Applications/STM32CubeIDE.app/Contents/Eclipse/plugins/com.st.stm32cube.ide.mcu.externaltools.gnu-tools-for-stm32.10.3-2021.10.macos64_1.0.100.202210260954/tools/bin/../lib/gcc/arm-none-eabi/10.3.1/thumb/v7e-m+fp/hard/crtbegin.o
LOAD /Applications/STM32CubeIDE.app/Contents/Eclipse/plugins/com.st.stm32cube.ide.mcu.externaltools.gnu-tools-for-stm32.10.3-2021.10.macos64_1.0.100.202210260954/tools/bin/../lib/gcc/arm-none-eabi/10.3.1/../../../../arm-none-eabi/lib/thumb/v7e-m+fp/hard/crt0.o
LOAD ./Core/Src/STTS75.o
LOAD ./Core/Src/funksjoner_manpu.o
LOAD ./Core/Src/funksjoner_sensor.o
LOAD ./Core/Src/funksjoner_test.o
LOAD ./Core/Src/funksjoner_thruster.o
LOAD ./Core/Src/globvariabler_def.o
LOAD ./Core/Src/main.o
LOAD ./Core/Src/stm32g4xx_hal_msp.o
LOAD ./Core/Src/stm32g4xx_it.o
LOAD ./Core/Src/syscalls.o
LOAD ./Core/Src/sysmem.o
LOAD ./Core/Src/system_stm32g4xx.o
LOAD ./Core/Startup/startup_stm32g431rbtx.o
LOAD ./Drivers/STM32G4xx_HAL_Driver/Src/stm32g4xx_hal.o
LOAD ./Drivers/STM32G4xx_HAL_Driver/Src/stm32g4xx_hal_cortex.o
LOAD ./Drivers/STM32G4xx_HAL_Driver/Src/stm32g4xx_hal_dma.o
LOAD ./Drivers/STM32G4xx_HAL_Driver/Src/stm32g4xx_hal_dma_ex.o
LOAD ./Drivers/STM32G4xx_HAL_Driver/Src/stm32g4xx_hal_exti.o
LOAD ./Drivers/STM32G4xx_HAL_Driver/Src/stm32g4xx_hal_fdcan.o
LOAD ./Drivers/STM32G4xx_HAL_Driver/Src/stm32g4xx_hal_flash.o
LOAD ./Drivers/STM32G4xx_HAL_Driver/Src/stm32g4xx_hal_flash_ex.o
LOAD ./Drivers/STM32G4xx_HAL_Driver/Src/stm32g4xx_hal_flash_ramfunc.o
LOAD ./Drivers/STM32G4xx_HAL_Driver/Src/stm32g4xx_hal_gpio.o
LOAD ./Drivers/STM32G4xx_HAL_Driver/Src/stm32g4xx_hal_i2c.o
LOAD ./Drivers/STM32G4xx_HAL_Driver/Src/stm32g4xx_hal_i2c_ex.o
LOAD ./Drivers/STM32G4xx_HAL_Driver/Src/stm32g4xx_hal_pwr.o
LOAD ./Drivers/STM32G4xx_HAL_Driver/Src/stm32g4xx_hal_pwr_ex.o
LOAD ./Drivers/STM32G4xx_HAL_Driver/Src/stm32g4xx_hal_rcc.o
LOAD ./Drivers/STM32G4xx_HAL_Driver/Src/stm32g4xx_hal_rcc_ex.o
LOAD ./Drivers/STM32G4xx_HAL_Driver/Src/stm32g4xx_hal_spi.o
LOAD ./Drivers/STM32G4xx_HAL_Driver/Src/stm32g4xx_hal_spi_ex.o
LOAD ./Drivers/STM32G4xx_HAL_Driver/Src/stm32g4xx_hal_tim.o
LOAD ./Drivers/STM32G4xx_HAL_Driver/Src/stm32g4xx_hal_tim_ex.o
LOAD ./Drivers/STM32G4xx_HAL_Driver/Src/stm32g4xx_hal_uart.o
LOAD ./Drivers/STM32G4xx_HAL_Driver/Src/stm32g4xx_hal_uart_ex.o
START GROUP
LOAD /Applications/STM32CubeIDE.app/Contents/Eclipse/plugins/com.st.stm32cube.ide.mcu.externaltools.gnu-tools-for-stm32.10.3-2021.10.macos64_1.0.100.202210260954/tools/bin/../lib/gcc/arm-none-eabi/10.3.1/../../../../arm-none-eabi/lib/thumb/v7e-m+fp/hard/libc_nano.a
LOAD /Applications/STM32CubeIDE.app/Contents/Eclipse/plugins/com.st.stm32cube.ide.mcu.externaltools.gnu-tools-for-stm32.10.3-2021.10.macos64_1.0.100.202210260954/tools/bin/../lib/gcc/arm-none-eabi/10.3.1/../../../../arm-none-eabi/lib/thumb/v7e-m+fp/hard/libm.a
END GROUP
START GROUP
LOAD /Applications/STM32CubeIDE.app/Contents/Eclipse/plugins/com.st.stm32cube.ide.mcu.externaltools.gnu-tools-for-stm32.10.3-2021.10.macos64_1.0.100.202210260954/tools/bin/../lib/gcc/arm-none-eabi/10.3.1/thumb/v7e-m+fp/hard/libgcc.a
LOAD /Applications/STM32CubeIDE.app/Contents/Eclipse/plugins/com.st.stm32cube.ide.mcu.externaltools.gnu-tools-for-stm32.10.3-2021.10.macos64_1.0.100.202210260954/tools/bin/../lib/gcc/arm-none-eabi/10.3.1/../../../../arm-none-eabi/lib/thumb/v7e-m+fp/hard/libc_nano.a
END GROUP
START GROUP
LOAD /Applications/STM32CubeIDE.app/Contents/Eclipse/plugins/com.st.stm32cube.ide.mcu.externaltools.gnu-tools-for-stm32.10.3-2021.10.macos64_1.0.100.202210260954/tools/bin/../lib/gcc/arm-none-eabi/10.3.1/thumb/v7e-m+fp/hard/libgcc.a
LOAD /Applications/STM32CubeIDE.app/Contents/Eclipse/plugins/com.st.stm32cube.ide.mcu.externaltools.gnu-tools-for-stm32.10.3-2021.10.macos64_1.0.100.202210260954/tools/bin/../lib/gcc/arm-none-eabi/10.3.1/../../../../arm-none-eabi/lib/thumb/v7e-m+fp/hard/libc_nano.a
LOAD /Applications/STM32CubeIDE.app/Contents/Eclipse/plugins/com.st.stm32cube.ide.mcu.externaltools.gnu-tools-for-stm32.10.3-2021.10.macos64_1.0.100.202210260954/tools/bin/../lib/gcc/arm-none-eabi/10.3.1/../../../../arm-none-eabi/lib/thumb/v7e-m+fp/hard/libnosys.a
END GROUP
START GROUP
LOAD /Applications/STM32CubeIDE.app/Contents/Eclipse/plugins/com.st.stm32cube.ide.mcu.externaltools.gnu-tools-for-stm32.10.3-2021.10.macos64_1.0.100.202210260954/tools/bin/../lib/gcc/arm-none-eabi/10.3.1/thumb/v7e-m+fp/hard/libgcc.a
LOAD /Applications/STM32CubeIDE.app/Contents/Eclipse/plugins/com.st.stm32cube.ide.mcu.externaltools.gnu-tools-for-stm32.10.3-2021.10.macos64_1.0.100.202210260954/tools/bin/../lib/gcc/arm-none-eabi/10.3.1/../../../../arm-none-eabi/lib/thumb/v7e-m+fp/hard/libc_nano.a
LOAD /Applications/STM32CubeIDE.app/Contents/Eclipse/plugins/com.st.stm32cube.ide.mcu.externaltools.gnu-tools-for-stm32.10.3-2021.10.macos64_1.0.100.202210260954/tools/bin/../lib/gcc/arm-none-eabi/10.3.1/../../../../arm-none-eabi/lib/thumb/v7e-m+fp/hard/libnosys.a
END GROUP
LOAD /Applications/STM32CubeIDE.app/Contents/Eclipse/plugins/com.st.stm32cube.ide.mcu.externaltools.gnu-tools-for-stm32.10.3-2021.10.macos64_1.0.100.202210260954/tools/bin/../lib/gcc/arm-none-eabi/10.3.1/thumb/v7e-m+fp/hard/crtend.o
LOAD /Applications/STM32CubeIDE.app/Contents/Eclipse/plugins/com.st.stm32cube.ide.mcu.externaltools.gnu-tools-for-stm32.10.3-2021.10.macos64_1.0.100.202210260954/tools/bin/../lib/gcc/arm-none-eabi/10.3.1/thumb/v7e-m+fp/hard/crtn.o
                0x0000000020008000                _estack = (ORIGIN (RAM) + LENGTH (RAM))
                0x0000000000000200                _Min_Heap_Size = 0x200
                0x0000000000000400                _Min_Stack_Size = 0x400

.isr_vector     0x0000000008000000      0x1d8
                0x0000000008000000                . = ALIGN (0x4)
 *(.isr_vector)
 .isr_vector    0x0000000008000000      0x1d8 ./Core/Startup/startup_stm32g431rbtx.o
                0x0000000008000000                g_pfnVectors
                0x00000000080001d8                . = ALIGN (0x4)

.text           0x00000000080001d8     0x9624
                0x00000000080001d8                . = ALIGN (0x4)
 *(.text)
 .text          0x00000000080001d8       0x40 /Applications/STM32CubeIDE.app/Contents/Eclipse/plugins/com.st.stm32cube.ide.mcu.externaltools.gnu-tools-for-stm32.10.3-2021.10.macos64_1.0.100.202210260954/tools/bin/../lib/gcc/arm-none-eabi/10.3.1/thumb/v7e-m+fp/hard/crtbegin.o
 .text          0x0000000008000218      0x378 /Applications/STM32CubeIDE.app/Contents/Eclipse/plugins/com.st.stm32cube.ide.mcu.externaltools.gnu-tools-for-stm32.10.3-2021.10.macos64_1.0.100.202210260954/tools/bin/../lib/gcc/arm-none-eabi/10.3.1/thumb/v7e-m+fp/hard/libgcc.a(_arm_addsubdf3.o)
                0x0000000008000218                __aeabi_drsub
                0x0000000008000220                __subdf3
                0x0000000008000220                __aeabi_dsub
                0x0000000008000224                __aeabi_dadd
                0x0000000008000224                __adddf3
                0x000000000800049c                __aeabi_ui2d
                0x000000000800049c                __floatunsidf
                0x00000000080004bc                __floatsidf
                0x00000000080004bc                __aeabi_i2d
                0x00000000080004e0                __extendsfdf2
                0x00000000080004e0                __aeabi_f2d
                0x0000000008000524                __aeabi_ul2d
                0x0000000008000524                __floatundidf
                0x0000000008000534                __aeabi_l2d
                0x0000000008000534                __floatdidf
 .text          0x0000000008000590      0x424 /Applications/STM32CubeIDE.app/Contents/Eclipse/plugins/com.st.stm32cube.ide.mcu.externaltools.gnu-tools-for-stm32.10.3-2021.10.macos64_1.0.100.202210260954/tools/bin/../lib/gcc/arm-none-eabi/10.3.1/thumb/v7e-m+fp/hard/libgcc.a(_arm_muldivdf3.o)
                0x0000000008000590                __aeabi_dmul
                0x0000000008000590                __muldf3
                0x00000000080007e4                __aeabi_ddiv
                0x00000000080007e4                __divdf3
 .text          0x00000000080009b4       0x50 /Applications/STM32CubeIDE.app/Contents/Eclipse/plugins/com.st.stm32cube.ide.mcu.externaltools.gnu-tools-for-stm32.10.3-2021.10.macos64_1.0.100.202210260954/tools/bin/../lib/gcc/arm-none-eabi/10.3.1/thumb/v7e-m+fp/hard/libgcc.a(_arm_fixdfsi.o)
                0x00000000080009b4                __fixdfsi
                0x00000000080009b4                __aeabi_d2iz
 .text          0x0000000008000a04       0xa0 /Applications/STM32CubeIDE.app/Contents/Eclipse/plugins/com.st.stm32cube.ide.mcu.externaltools.gnu-tools-for-stm32.10.3-2021.10.macos64_1.0.100.202210260954/tools/bin/../lib/gcc/arm-none-eabi/10.3.1/thumb/v7e-m+fp/hard/libgcc.a(_arm_truncdfsf2.o)
                0x0000000008000a04                __aeabi_d2f
                0x0000000008000a04                __truncdfsf2
 .text          0x0000000008000aa4       0x30 /Applications/STM32CubeIDE.app/Contents/Eclipse/plugins/com.st.stm32cube.ide.mcu.externaltools.gnu-tools-for-stm32.10.3-2021.10.macos64_1.0.100.202210260954/tools/bin/../lib/gcc/arm-none-eabi/10.3.1/thumb/v7e-m+fp/hard/libgcc.a(_aeabi_uldivmod.o)
                0x0000000008000aa4                __aeabi_uldivmod
 .text          0x0000000008000ad4      0x2d0 /Applications/STM32CubeIDE.app/Contents/Eclipse/plugins/com.st.stm32cube.ide.mcu.externaltools.gnu-tools-for-stm32.10.3-2021.10.macos64_1.0.100.202210260954/tools/bin/../lib/gcc/arm-none-eabi/10.3.1/thumb/v7e-m+fp/hard/libgcc.a(_udivmoddi4.o)
                0x0000000008000ad4                __udivmoddi4
 .text          0x0000000008000da4        0x4 /Applications/STM32CubeIDE.app/Contents/Eclipse/plugins/com.st.stm32cube.ide.mcu.externaltools.gnu-tools-for-stm32.10.3-2021.10.macos64_1.0.100.202210260954/tools/bin/../lib/gcc/arm-none-eabi/10.3.1/thumb/v7e-m+fp/hard/libgcc.a(_dvmd_tls.o)
                0x0000000008000da4                __aeabi_ldiv0
                0x0000000008000da4                __aeabi_idiv0
 *(.text*)
 .text.STTS75_Init
                0x0000000008000da8       0x2c ./Core/Src/STTS75.o
                0x0000000008000da8                STTS75_Init
 .text.STTS75_Read_Regsiter
                0x0000000008000dd4       0x36 ./Core/Src/STTS75.o
                0x0000000008000dd4                STTS75_Read_Regsiter
 *fill*         0x0000000008000e0a        0x2 
 .text.STTS75_Read_Temp
                0x0000000008000e0c      0x118 ./Core/Src/STTS75.o
                0x0000000008000e0c                STTS75_Read_Temp
 .text.STTS75_Write_Bitsize
                0x0000000008000f24       0xa6 ./Core/Src/STTS75.o
                0x0000000008000f24                STTS75_Write_Bitsize
 *fill*         0x0000000008000fca        0x2 
 .text.manipulator_data_lagring
                0x0000000008000fcc       0x98 ./Core/Src/funksjoner_manpu.o
                0x0000000008000fcc                manipulator_data_lagring
 .text.sjekk_for_forskjellig_fortegn
                0x0000000008001064       0xfe ./Core/Src/funksjoner_manpu.o
                0x0000000008001064                sjekk_for_forskjellig_fortegn
 .text.sett_rotasjonsretning
                0x0000000008001162       0x50 ./Core/Src/funksjoner_manpu.o
                0x0000000008001162                sett_rotasjonsretning
 *fill*         0x00000000080011b2        0x6 
 .text.beregn_ARR
                0x00000000080011b8       0xb0 ./Core/Src/funksjoner_manpu.o
                0x00000000080011b8                beregn_ARR
 .text.beregn_CCR_snurr
                0x0000000008001268       0x9c ./Core/Src/funksjoner_manpu.o
                0x0000000008001268                beregn_CCR_snurr
 .text.behandle_gripe
                0x0000000008001304      0x114 ./Core/Src/funksjoner_manpu.o
                0x0000000008001304                behandle_gripe
 .text.behandle_sving
                0x0000000008001418      0x114 ./Core/Src/funksjoner_manpu.o
                0x0000000008001418                behandle_sving
 .text.behandle_skyv
                0x000000000800152c      0x114 ./Core/Src/funksjoner_manpu.o
                0x000000000800152c                behandle_skyv
 .text.behandle_snurr
                0x0000000008001640      0x158 ./Core/Src/funksjoner_manpu.o
                0x0000000008001640                behandle_snurr
 .text.behandle_manipulator
                0x0000000008001798       0x74 ./Core/Src/funksjoner_manpu.o
                0x0000000008001798                behandle_manipulator
 .text.null_PID_var
                0x000000000800180c       0x2c ./Core/Src/funksjoner_sensor.o
                0x000000000800180c                null_PID_var
 .text.beregn_generell_PID
                0x0000000008001838      0x182 ./Core/Src/funksjoner_sensor.o
                0x0000000008001838                beregn_generell_PID
 *fill*         0x00000000080019ba        0x2 
 .text.konverter_kg_paadrag
                0x00000000080019bc       0x78 ./Core/Src/funksjoner_sensor.o
                0x00000000080019bc                konverter_kg_paadrag
 .text.hiv_regulering_init
                0x0000000008001a34       0x98 ./Core/Src/funksjoner_sensor.o
                0x0000000008001a34                hiv_regulering_init
 .text.rull_regulering_init
                0x0000000008001acc       0x98 ./Core/Src/funksjoner_sensor.o
                0x0000000008001acc                rull_regulering_init
 .text.stamp_regulering_init
                0x0000000008001b64       0x98 ./Core/Src/funksjoner_sensor.o
                0x0000000008001b64                stamp_regulering_init
 .text.hiv_regulering
                0x0000000008001bfc       0xa8 ./Core/Src/funksjoner_sensor.o
                0x0000000008001bfc                hiv_regulering
 .text.stamp_regulering
                0x0000000008001ca4       0xac ./Core/Src/funksjoner_sensor.o
                0x0000000008001ca4                stamp_regulering
 .text.rull_regulering
                0x0000000008001d50       0xac ./Core/Src/funksjoner_sensor.o
                0x0000000008001d50                rull_regulering
 .text.beregn_reguleringbidrag
                0x0000000008001dfc       0xf8 ./Core/Src/funksjoner_sensor.o
                0x0000000008001dfc                beregn_reguleringbidrag
 .text.oppdater_parameter
                0x0000000008001ef4      0x764 ./Core/Src/funksjoner_sensor.o
                0x0000000008001ef4                oppdater_parameter
 .text.sjekk_bryter
                0x0000000008002658       0x50 ./Core/Src/funksjoner_test.o
                0x0000000008002658                sjekk_bryter
 .text.null_bidrag_horisontal
                0x00000000080026a8       0x34 ./Core/Src/funksjoner_thruster.o
                0x00000000080026a8                null_bidrag_horisontal
 .text.null_bidrag_vertikal
                0x00000000080026dc       0x34 ./Core/Src/funksjoner_thruster.o
                0x00000000080026dc                null_bidrag_vertikal
 .text.null_bidrag_alle_regvar
                0x0000000008002710       0x38 ./Core/Src/funksjoner_thruster.o
                0x0000000008002710                null_bidrag_alle_regvar
 .text.beregning_operatorbidrag
                0x0000000008002748      0x280 ./Core/Src/funksjoner_thruster.o
                0x0000000008002748                beregning_operatorbidrag
 .text.beregn_sum_bidrag
                0x00000000080029c8      0x174 ./Core/Src/funksjoner_thruster.o
                0x00000000080029c8                beregn_sum_bidrag
 .text.sjekk_saturation
                0x0000000008002b3c       0xdc ./Core/Src/funksjoner_thruster.o
                0x0000000008002b3c                sjekk_saturation
 .text.skalere_ned_saturation
                0x0000000008002c18      0x258 ./Core/Src/funksjoner_thruster.o
                0x0000000008002c18                skalere_ned_saturation
 .text.horisontal_demping
                0x0000000008002e70       0xdc ./Core/Src/funksjoner_thruster.o
                0x0000000008002e70                horisontal_demping
 .text.vertikal_demping
                0x0000000008002f4c       0xdc ./Core/Src/funksjoner_thruster.o
                0x0000000008002f4c                vertikal_demping
 .text.differanse_sjekk
                0x0000000008003028       0x58 ./Core/Src/funksjoner_thruster.o
                0x0000000008003028                differanse_sjekk
 .text.horisontal_differanse
                0x0000000008003080       0xc8 ./Core/Src/funksjoner_thruster.o
                0x0000000008003080                horisontal_differanse
 .text.vertikal_differanse
                0x0000000008003148       0xc8 ./Core/Src/funksjoner_thruster.o
                0x0000000008003148                vertikal_differanse
 .text.konverter_paadrag_PWM
                0x0000000008003210       0x58 ./Core/Src/funksjoner_thruster.o
                0x0000000008003210                konverter_paadrag_PWM
 .text.konverter_sum_bidrag_PWM
                0x0000000008003268       0xc0 ./Core/Src/funksjoner_thruster.o
                0x0000000008003268                konverter_sum_bidrag_PWM
 .text.send_thruster_PWM
                0x0000000008003328       0x80 ./Core/Src/funksjoner_thruster.o
                0x0000000008003328                send_thruster_PWM
 .text.thruster_data_lagring
                0x00000000080033a8      0x110 ./Core/Src/funksjoner_thruster.o
                0x00000000080033a8                thruster_data_lagring
 .text.behandle_sum_bidrag
                0x00000000080034b8       0x48 ./Core/Src/funksjoner_thruster.o
                0x00000000080034b8                behandle_sum_bidrag
 .text.oppstartCAN
                0x0000000008003500       0x90 ./Core/Src/main.o
                0x0000000008003500                oppstartCAN
 .text.sendCAN  0x0000000008003590       0x2c ./Core/Src/main.o
                0x0000000008003590                sendCAN
 .text.TX_kopier_thrustpaadrag
                0x00000000080035bc       0x58 ./Core/Src/main.o
                0x00000000080035bc                TX_kopier_thrustpaadrag
 .text.main     0x0000000008003614      0x1f0 ./Core/Src/main.o
                0x0000000008003614                main
 .text.SystemClock_Config
                0x0000000008003804       0x96 ./Core/Src/main.o
                0x0000000008003804                SystemClock_Config
 *fill*         0x000000000800389a        0x2 
 .text.MX_FDCAN1_Init
                0x000000000800389c       0x8c ./Core/Src/main.o
 .text.MX_I2C3_Init
                0x0000000008003928       0x80 ./Core/Src/main.o
 .text.MX_LPUART1_UART_Init
                0x00000000080039a8       0x94 ./Core/Src/main.o
 .text.MX_SPI1_Init
                0x0000000008003a3c       0x7c ./Core/Src/main.o
 .text.MX_TIM1_Init
                0x0000000008003ab8      0x170 ./Core/Src/main.o
 .text.MX_TIM2_Init
                0x0000000008003c28       0xf8 ./Core/Src/main.o
 .text.MX_TIM3_Init
                0x0000000008003d20       0xb4 ./Core/Src/main.o
 .text.MX_TIM8_Init
                0x0000000008003dd4      0x128 ./Core/Src/main.o
 .text.MX_TIM15_Init
                0x0000000008003efc      0x10c ./Core/Src/main.o
 .text.MX_TIM16_Init
                0x0000000008004008       0xf4 ./Core/Src/main.o
 .text.MX_GPIO_Init
                0x00000000080040fc      0x138 ./Core/Src/main.o
 .text.HAL_FDCAN_RxFifo0Callback
                0x0000000008004234      0x1e4 ./Core/Src/main.o
                0x0000000008004234                HAL_FDCAN_RxFifo0Callback
 .text.Error_Handler
                0x0000000008004418        0xa ./Core/Src/main.o
                0x0000000008004418                Error_Handler
 *fill*         0x0000000008004422        0x2 
 .text.HAL_MspInit
                0x0000000008004424       0x48 ./Core/Src/stm32g4xx_hal_msp.o
                0x0000000008004424                HAL_MspInit
 .text.HAL_FDCAN_MspInit
                0x000000000800446c       0xc4 ./Core/Src/stm32g4xx_hal_msp.o
                0x000000000800446c                HAL_FDCAN_MspInit
 .text.HAL_I2C_MspInit
                0x0000000008004530       0xb4 ./Core/Src/stm32g4xx_hal_msp.o
                0x0000000008004530                HAL_I2C_MspInit
 .text.HAL_UART_MspInit
                0x00000000080045e4       0xb0 ./Core/Src/stm32g4xx_hal_msp.o
                0x00000000080045e4                HAL_UART_MspInit
 .text.HAL_SPI_MspInit
                0x0000000008004694       0x84 ./Core/Src/stm32g4xx_hal_msp.o
                0x0000000008004694                HAL_SPI_MspInit
 .text.HAL_TIM_PWM_MspInit
                0x0000000008004718       0xdc ./Core/Src/stm32g4xx_hal_msp.o
                0x0000000008004718                HAL_TIM_PWM_MspInit
 .text.HAL_TIM_Base_MspInit
                0x00000000080047f4       0x40 ./Core/Src/stm32g4xx_hal_msp.o
                0x00000000080047f4                HAL_TIM_Base_MspInit
 .text.HAL_TIM_MspPostInit
                0x0000000008004834      0x218 ./Core/Src/stm32g4xx_hal_msp.o
                0x0000000008004834                HAL_TIM_MspPostInit
 .text.NMI_Handler
                0x0000000008004a4c        0x6 ./Core/Src/stm32g4xx_it.o
                0x0000000008004a4c                NMI_Handler
 .text.HardFault_Handler
                0x0000000008004a52        0x6 ./Core/Src/stm32g4xx_it.o
                0x0000000008004a52                HardFault_Handler
 .text.MemManage_Handler
                0x0000000008004a58        0x6 ./Core/Src/stm32g4xx_it.o
                0x0000000008004a58                MemManage_Handler
 .text.BusFault_Handler
                0x0000000008004a5e        0x6 ./Core/Src/stm32g4xx_it.o
                0x0000000008004a5e                BusFault_Handler
 .text.UsageFault_Handler
                0x0000000008004a64        0x6 ./Core/Src/stm32g4xx_it.o
                0x0000000008004a64                UsageFault_Handler
 .text.SVC_Handler
                0x0000000008004a6a        0xe ./Core/Src/stm32g4xx_it.o
                0x0000000008004a6a                SVC_Handler
 .text.DebugMon_Handler
                0x0000000008004a78        0xe ./Core/Src/stm32g4xx_it.o
                0x0000000008004a78                DebugMon_Handler
 .text.PendSV_Handler
                0x0000000008004a86        0xe ./Core/Src/stm32g4xx_it.o
                0x0000000008004a86                PendSV_Handler
 .text.SysTick_Handler
                0x0000000008004a94      0x168 ./Core/Src/stm32g4xx_it.o
                0x0000000008004a94                SysTick_Handler
 .text.FDCAN1_IT0_IRQHandler
                0x0000000008004bfc       0x14 ./Core/Src/stm32g4xx_it.o
                0x0000000008004bfc                FDCAN1_IT0_IRQHandler
 .text.SystemInit
                0x0000000008004c10       0x24 ./Core/Src/system_stm32g4xx.o
                0x0000000008004c10                SystemInit
 .text.Reset_Handler
                0x0000000008004c34       0x50 ./Core/Startup/startup_stm32g431rbtx.o
                0x0000000008004c34                Reset_Handler
 .text.Default_Handler
                0x0000000008004c84        0x2 ./Core/Startup/startup_stm32g431rbtx.o
                0x0000000008004c84                TIM1_BRK_TIM15_IRQHandler
                0x0000000008004c84                EXTI2_IRQHandler
                0x0000000008004c84                TIM8_TRG_COM_IRQHandler
                0x0000000008004c84                TIM8_CC_IRQHandler
                0x0000000008004c84                TIM1_CC_IRQHandler
                0x0000000008004c84                USB_HP_IRQHandler
                0x0000000008004c84                CORDIC_IRQHandler
                0x0000000008004c84                EXTI3_IRQHandler
                0x0000000008004c84                I2C3_ER_IRQHandler
                0x0000000008004c84                EXTI0_IRQHandler
                0x0000000008004c84                I2C2_EV_IRQHandler
                0x0000000008004c84                FPU_IRQHandler
                0x0000000008004c84                FDCAN1_IT1_IRQHandler
                0x0000000008004c84                TIM1_UP_TIM16_IRQHandler
                0x0000000008004c84                ADC1_2_IRQHandler
                0x0000000008004c84                SPI1_IRQHandler
                0x0000000008004c84                TIM6_DAC_IRQHandler
                0x0000000008004c84                TIM8_UP_IRQHandler
                0x0000000008004c84                DMA2_Channel2_IRQHandler
                0x0000000008004c84                DMA1_Channel4_IRQHandler
                0x0000000008004c84                USART3_IRQHandler
                0x0000000008004c84                TIM4_IRQHandler
                0x0000000008004c84                DMA2_Channel1_IRQHandler
                0x0000000008004c84                I2C1_EV_IRQHandler
                0x0000000008004c84                DMA1_Channel6_IRQHandler
                0x0000000008004c84                UART4_IRQHandler
                0x0000000008004c84                DMA2_Channel4_IRQHandler
                0x0000000008004c84                TIM3_IRQHandler
                0x0000000008004c84                RCC_IRQHandler
                0x0000000008004c84                DMA1_Channel1_IRQHandler
                0x0000000008004c84                Default_Handler
                0x0000000008004c84                RTC_TAMP_LSECSS_IRQHandler
                0x0000000008004c84                FMAC_IRQHandler
                0x0000000008004c84                EXTI15_10_IRQHandler
                0x0000000008004c84                TIM7_IRQHandler
                0x0000000008004c84                UCPD1_IRQHandler
                0x0000000008004c84                I2C3_EV_IRQHandler
                0x0000000008004c84                EXTI9_5_IRQHandler
                0x0000000008004c84                RTC_WKUP_IRQHandler
                0x0000000008004c84                PVD_PVM_IRQHandler
                0x0000000008004c84                SPI2_IRQHandler
                0x0000000008004c84                DMA2_Channel5_IRQHandler
                0x0000000008004c84                CRS_IRQHandler
                0x0000000008004c84                DMA1_Channel5_IRQHandler
                0x0000000008004c84                USB_LP_IRQHandler
                0x0000000008004c84                EXTI4_IRQHandler
                0x0000000008004c84                RNG_IRQHandler
                0x0000000008004c84                TIM1_TRG_COM_TIM17_IRQHandler
                0x0000000008004c84                DMA1_Channel3_IRQHandler
                0x0000000008004c84                WWDG_IRQHandler
                0x0000000008004c84                LPUART1_IRQHandler
                0x0000000008004c84                DMA2_Channel6_IRQHandler
                0x0000000008004c84                TIM2_IRQHandler
                0x0000000008004c84                COMP1_2_3_IRQHandler
                0x0000000008004c84                EXTI1_IRQHandler
                0x0000000008004c84                USART2_IRQHandler
                0x0000000008004c84                I2C2_ER_IRQHandler
                0x0000000008004c84                DMA1_Channel2_IRQHandler
                0x0000000008004c84                TIM8_BRK_IRQHandler
                0x0000000008004c84                FLASH_IRQHandler
                0x0000000008004c84                USART1_IRQHandler
                0x0000000008004c84                SPI3_IRQHandler
                0x0000000008004c84                I2C1_ER_IRQHandler
                0x0000000008004c84                LPTIM1_IRQHandler
                0x0000000008004c84                DMAMUX_OVR_IRQHandler
                0x0000000008004c84                USBWakeUp_IRQHandler
                0x0000000008004c84                SAI1_IRQHandler
                0x0000000008004c84                DMA2_Channel3_IRQHandler
                0x0000000008004c84                COMP4_IRQHandler
                0x0000000008004c84                RTC_Alarm_IRQHandler
 .text.HAL_Init
                0x0000000008004c86       0x30 ./Drivers/STM32G4xx_HAL_Driver/Src/stm32g4xx_hal.o
                0x0000000008004c86                HAL_Init
 *fill*         0x0000000008004cb6        0x2 
 .text.HAL_InitTick
                0x0000000008004cb8       0x74 ./Drivers/STM32G4xx_HAL_Driver/Src/stm32g4xx_hal.o
                0x0000000008004cb8                HAL_InitTick
 .text.HAL_IncTick
                0x0000000008004d2c       0x24 ./Drivers/STM32G4xx_HAL_Driver/Src/stm32g4xx_hal.o
                0x0000000008004d2c                HAL_IncTick
 .text.HAL_GetTick
                0x0000000008004d50       0x18 ./Drivers/STM32G4xx_HAL_Driver/Src/stm32g4xx_hal.o
                0x0000000008004d50                HAL_GetTick
 .text.HAL_Delay
                0x0000000008004d68       0x44 ./Drivers/STM32G4xx_HAL_Driver/Src/stm32g4xx_hal.o
                0x0000000008004d68                HAL_Delay
 .text.__NVIC_SetPriorityGrouping
                0x0000000008004dac       0x48 ./Drivers/STM32G4xx_HAL_Driver/Src/stm32g4xx_hal_cortex.o
 .text.__NVIC_GetPriorityGrouping
                0x0000000008004df4       0x1c ./Drivers/STM32G4xx_HAL_Driver/Src/stm32g4xx_hal_cortex.o
 .text.__NVIC_EnableIRQ
                0x0000000008004e10       0x3c ./Drivers/STM32G4xx_HAL_Driver/Src/stm32g4xx_hal_cortex.o
 .text.__NVIC_SetPriority
                0x0000000008004e4c       0x54 ./Drivers/STM32G4xx_HAL_Driver/Src/stm32g4xx_hal_cortex.o
 .text.NVIC_EncodePriority
                0x0000000008004ea0       0x66 ./Drivers/STM32G4xx_HAL_Driver/Src/stm32g4xx_hal_cortex.o
 *fill*         0x0000000008004f06        0x2 
 .text.SysTick_Config
                0x0000000008004f08       0x44 ./Drivers/STM32G4xx_HAL_Driver/Src/stm32g4xx_hal_cortex.o
 .text.HAL_NVIC_SetPriorityGrouping
                0x0000000008004f4c       0x16 ./Drivers/STM32G4xx_HAL_Driver/Src/stm32g4xx_hal_cortex.o
                0x0000000008004f4c                HAL_NVIC_SetPriorityGrouping
 .text.HAL_NVIC_SetPriority
                0x0000000008004f62       0x34 ./Drivers/STM32G4xx_HAL_Driver/Src/stm32g4xx_hal_cortex.o
                0x0000000008004f62                HAL_NVIC_SetPriority
 .text.HAL_NVIC_EnableIRQ
                0x0000000008004f96       0x1c ./Drivers/STM32G4xx_HAL_Driver/Src/stm32g4xx_hal_cortex.o
                0x0000000008004f96                HAL_NVIC_EnableIRQ
 .text.HAL_SYSTICK_Config
                0x0000000008004fb2       0x18 ./Drivers/STM32G4xx_HAL_Driver/Src/stm32g4xx_hal_cortex.o
                0x0000000008004fb2                HAL_SYSTICK_Config
 *fill*         0x0000000008004fca        0x2 
 .text.HAL_FDCAN_Init
                0x0000000008004fcc      0x2b4 ./Drivers/STM32G4xx_HAL_Driver/Src/stm32g4xx_hal_fdcan.o
                0x0000000008004fcc                HAL_FDCAN_Init
 .text.HAL_FDCAN_ConfigFilter
                0x0000000008005280       0xb4 ./Drivers/STM32G4xx_HAL_Driver/Src/stm32g4xx_hal_fdcan.o
                0x0000000008005280                HAL_FDCAN_ConfigFilter
 .text.HAL_FDCAN_Start
                0x0000000008005334       0x50 ./Drivers/STM32G4xx_HAL_Driver/Src/stm32g4xx_hal_fdcan.o
                0x0000000008005334                HAL_FDCAN_Start
 .text.HAL_FDCAN_AddMessageToTxFifoQ
                0x0000000008005384       0x88 ./Drivers/STM32G4xx_HAL_Driver/Src/stm32g4xx_hal_fdcan.o
                0x0000000008005384                HAL_FDCAN_AddMessageToTxFifoQ
 .text.HAL_FDCAN_GetRxMessage
                0x000000000800540c      0x1b4 ./Drivers/STM32G4xx_HAL_Driver/Src/stm32g4xx_hal_fdcan.o
                0x000000000800540c                HAL_FDCAN_GetRxMessage
 .text.HAL_FDCAN_ActivateNotification
                0x00000000080055c0      0x1cc ./Drivers/STM32G4xx_HAL_Driver/Src/stm32g4xx_hal_fdcan.o
                0x00000000080055c0                HAL_FDCAN_ActivateNotification
 .text.HAL_FDCAN_IRQHandler
                0x000000000800578c      0x272 ./Drivers/STM32G4xx_HAL_Driver/Src/stm32g4xx_hal_fdcan.o
                0x000000000800578c                HAL_FDCAN_IRQHandler
 .text.HAL_FDCAN_TxEventFifoCallback
                0x00000000080059fe       0x16 ./Drivers/STM32G4xx_HAL_Driver/Src/stm32g4xx_hal_fdcan.o
                0x00000000080059fe                HAL_FDCAN_TxEventFifoCallback
 .text.HAL_FDCAN_RxFifo1Callback
                0x0000000008005a14       0x16 ./Drivers/STM32G4xx_HAL_Driver/Src/stm32g4xx_hal_fdcan.o
                0x0000000008005a14                HAL_FDCAN_RxFifo1Callback
 .text.HAL_FDCAN_TxFifoEmptyCallback
                0x0000000008005a2a       0x14 ./Drivers/STM32G4xx_HAL_Driver/Src/stm32g4xx_hal_fdcan.o
                0x0000000008005a2a                HAL_FDCAN_TxFifoEmptyCallback
 .text.HAL_FDCAN_TxBufferCompleteCallback
                0x0000000008005a3e       0x16 ./Drivers/STM32G4xx_HAL_Driver/Src/stm32g4xx_hal_fdcan.o
                0x0000000008005a3e                HAL_FDCAN_TxBufferCompleteCallback
 .text.HAL_FDCAN_TxBufferAbortCallback
                0x0000000008005a54       0x16 ./Drivers/STM32G4xx_HAL_Driver/Src/stm32g4xx_hal_fdcan.o
                0x0000000008005a54                HAL_FDCAN_TxBufferAbortCallback
 .text.HAL_FDCAN_TimestampWraparoundCallback
                0x0000000008005a6a       0x14 ./Drivers/STM32G4xx_HAL_Driver/Src/stm32g4xx_hal_fdcan.o
                0x0000000008005a6a                HAL_FDCAN_TimestampWraparoundCallback
 .text.HAL_FDCAN_TimeoutOccurredCallback
                0x0000000008005a7e       0x14 ./Drivers/STM32G4xx_HAL_Driver/Src/stm32g4xx_hal_fdcan.o
                0x0000000008005a7e                HAL_FDCAN_TimeoutOccurredCallback
 .text.HAL_FDCAN_HighPriorityMessageCallback
                0x0000000008005a92       0x14 ./Drivers/STM32G4xx_HAL_Driver/Src/stm32g4xx_hal_fdcan.o
                0x0000000008005a92                HAL_FDCAN_HighPriorityMessageCallback
 .text.HAL_FDCAN_ErrorCallback
                0x0000000008005aa6       0x14 ./Drivers/STM32G4xx_HAL_Driver/Src/stm32g4xx_hal_fdcan.o
                0x0000000008005aa6                HAL_FDCAN_ErrorCallback
 .text.HAL_FDCAN_ErrorStatusCallback
                0x0000000008005aba       0x16 ./Drivers/STM32G4xx_HAL_Driver/Src/stm32g4xx_hal_fdcan.o
                0x0000000008005aba                HAL_FDCAN_ErrorStatusCallback
 .text.FDCAN_CalcultateRamBlockAddresses
                0x0000000008005ad0       0xac ./Drivers/STM32G4xx_HAL_Driver/Src/stm32g4xx_hal_fdcan.o
 .text.FDCAN_CopyMessageToRAM
                0x0000000008005b7c       0xf8 ./Drivers/STM32G4xx_HAL_Driver/Src/stm32g4xx_hal_fdcan.o
 .text.HAL_GPIO_Init
                0x0000000008005c74      0x304 ./Drivers/STM32G4xx_HAL_Driver/Src/stm32g4xx_hal_gpio.o
                0x0000000008005c74                HAL_GPIO_Init
 .text.HAL_GPIO_WritePin
                0x0000000008005f78       0x30 ./Drivers/STM32G4xx_HAL_Driver/Src/stm32g4xx_hal_gpio.o
                0x0000000008005f78                HAL_GPIO_WritePin
 .text.HAL_I2C_Init
                0x0000000008005fa8      0x11e ./Drivers/STM32G4xx_HAL_Driver/Src/stm32g4xx_hal_i2c.o
                0x0000000008005fa8                HAL_I2C_Init
 *fill*         0x00000000080060c6        0x2 
 .text.HAL_I2C_Mem_Write
                0x00000000080060c8      0x228 ./Drivers/STM32G4xx_HAL_Driver/Src/stm32g4xx_hal_i2c.o
                0x00000000080060c8                HAL_I2C_Mem_Write
 .text.HAL_I2C_Mem_Read
                0x00000000080062f0      0x234 ./Drivers/STM32G4xx_HAL_Driver/Src/stm32g4xx_hal_i2c.o
                0x00000000080062f0                HAL_I2C_Mem_Read
 .text.I2C_RequestMemoryWrite
                0x0000000008006524       0xa8 ./Drivers/STM32G4xx_HAL_Driver/Src/stm32g4xx_hal_i2c.o
 .text.I2C_RequestMemoryRead
                0x00000000080065cc       0xa8 ./Drivers/STM32G4xx_HAL_Driver/Src/stm32g4xx_hal_i2c.o
 .text.I2C_Flush_TXDR
                0x0000000008006674       0x48 ./Drivers/STM32G4xx_HAL_Driver/Src/stm32g4xx_hal_i2c.o
 .text.I2C_WaitOnFlagUntilTimeout
                0x00000000080066bc       0x80 ./Drivers/STM32G4xx_HAL_Driver/Src/stm32g4xx_hal_i2c.o
 .text.I2C_WaitOnTXISFlagUntilTimeout
                0x000000000800673c       0x80 ./Drivers/STM32G4xx_HAL_Driver/Src/stm32g4xx_hal_i2c.o
 .text.I2C_WaitOnSTOPFlagUntilTimeout
                0x00000000080067bc       0x78 ./Drivers/STM32G4xx_HAL_Driver/Src/stm32g4xx_hal_i2c.o
 .text.I2C_IsErrorOccurred
                0x0000000008006834      0x1d8 ./Drivers/STM32G4xx_HAL_Driver/Src/stm32g4xx_hal_i2c.o
 .text.I2C_TransferConfig
                0x0000000008006a0c       0x64 ./Drivers/STM32G4xx_HAL_Driver/Src/stm32g4xx_hal_i2c.o
 .text.HAL_I2CEx_ConfigAnalogFilter
                0x0000000008006a70       0x96 ./Drivers/STM32G4xx_HAL_Driver/Src/stm32g4xx_hal_i2c_ex.o
                0x0000000008006a70                HAL_I2CEx_ConfigAnalogFilter
 .text.HAL_I2CEx_ConfigDigitalFilter
                0x0000000008006b06       0x98 ./Drivers/STM32G4xx_HAL_Driver/Src/stm32g4xx_hal_i2c_ex.o
                0x0000000008006b06                HAL_I2CEx_ConfigDigitalFilter
 *fill*         0x0000000008006b9e        0x2 
 .text.HAL_PWREx_ControlVoltageScaling
                0x0000000008006ba0      0x148 ./Drivers/STM32G4xx_HAL_Driver/Src/stm32g4xx_hal_pwr_ex.o
                0x0000000008006ba0                HAL_PWREx_ControlVoltageScaling
 .text.HAL_PWREx_DisableUCPDDeadBattery
                0x0000000008006ce8       0x20 ./Drivers/STM32G4xx_HAL_Driver/Src/stm32g4xx_hal_pwr_ex.o
                0x0000000008006ce8                HAL_PWREx_DisableUCPDDeadBattery
 .text.HAL_RCC_OscConfig
                0x0000000008006d08      0x630 ./Drivers/STM32G4xx_HAL_Driver/Src/stm32g4xx_hal_rcc.o
                0x0000000008006d08                HAL_RCC_OscConfig
 .text.HAL_RCC_ClockConfig
                0x0000000008007338      0x278 ./Drivers/STM32G4xx_HAL_Driver/Src/stm32g4xx_hal_rcc.o
                0x0000000008007338                HAL_RCC_ClockConfig
 .text.HAL_RCC_GetSysClockFreq
                0x00000000080075b0       0xc4 ./Drivers/STM32G4xx_HAL_Driver/Src/stm32g4xx_hal_rcc.o
                0x00000000080075b0                HAL_RCC_GetSysClockFreq
 .text.HAL_RCC_GetHCLKFreq
                0x0000000008007674       0x18 ./Drivers/STM32G4xx_HAL_Driver/Src/stm32g4xx_hal_rcc.o
                0x0000000008007674                HAL_RCC_GetHCLKFreq
 .text.HAL_RCC_GetPCLK1Freq
                0x000000000800768c       0x2c ./Drivers/STM32G4xx_HAL_Driver/Src/stm32g4xx_hal_rcc.o
                0x000000000800768c                HAL_RCC_GetPCLK1Freq
 .text.HAL_RCC_GetPCLK2Freq
                0x00000000080076b8       0x2c ./Drivers/STM32G4xx_HAL_Driver/Src/stm32g4xx_hal_rcc.o
                0x00000000080076b8                HAL_RCC_GetPCLK2Freq
 .text.RCC_GetSysClockFreqFromPLLSource
                0x00000000080076e4       0x8c ./Drivers/STM32G4xx_HAL_Driver/Src/stm32g4xx_hal_rcc.o
 .text.HAL_RCCEx_PeriphCLKConfig
                0x0000000008007770      0x3e0 ./Drivers/STM32G4xx_HAL_Driver/Src/stm32g4xx_hal_rcc_ex.o
                0x0000000008007770                HAL_RCCEx_PeriphCLKConfig
 .text.HAL_SPI_Init
                0x0000000008007b50      0x156 ./Drivers/STM32G4xx_HAL_Driver/Src/stm32g4xx_hal_spi.o
                0x0000000008007b50                HAL_SPI_Init
 .text.HAL_TIM_Base_Init
                0x0000000008007ca6       0xae ./Drivers/STM32G4xx_HAL_Driver/Src/stm32g4xx_hal_tim.o
                0x0000000008007ca6                HAL_TIM_Base_Init
 .text.HAL_TIM_PWM_Init
                0x0000000008007d54       0xae ./Drivers/STM32G4xx_HAL_Driver/Src/stm32g4xx_hal_tim.o
                0x0000000008007d54                HAL_TIM_PWM_Init
 *fill*         0x0000000008007e02        0x2 
 .text.HAL_TIM_PWM_Start
                0x0000000008007e04      0x200 ./Drivers/STM32G4xx_HAL_Driver/Src/stm32g4xx_hal_tim.o
                0x0000000008007e04                HAL_TIM_PWM_Start
 .text.HAL_TIM_PWM_ConfigChannel
                0x0000000008008004      0x228 ./Drivers/STM32G4xx_HAL_Driver/Src/stm32g4xx_hal_tim.o
                0x0000000008008004                HAL_TIM_PWM_ConfigChannel
 .text.TIM_Base_SetConfig
                0x000000000800822c      0x120 ./Drivers/STM32G4xx_HAL_Driver/Src/stm32g4xx_hal_tim.o
                0x000000000800822c                TIM_Base_SetConfig
 .text.TIM_OC1_SetConfig
                0x000000000800834c      0x120 ./Drivers/STM32G4xx_HAL_Driver/Src/stm32g4xx_hal_tim.o
 .text.TIM_OC2_SetConfig
                0x000000000800846c      0x114 ./Drivers/STM32G4xx_HAL_Driver/Src/stm32g4xx_hal_tim.o
                0x000000000800846c                TIM_OC2_SetConfig
 .text.TIM_OC3_SetConfig
                0x0000000008008580      0x110 ./Drivers/STM32G4xx_HAL_Driver/Src/stm32g4xx_hal_tim.o
 .text.TIM_OC4_SetConfig
                0x0000000008008690      0x114 ./Drivers/STM32G4xx_HAL_Driver/Src/stm32g4xx_hal_tim.o
 .text.TIM_OC5_SetConfig
                0x00000000080087a4       0xc8 ./Drivers/STM32G4xx_HAL_Driver/Src/stm32g4xx_hal_tim.o
 .text.TIM_OC6_SetConfig
                0x000000000800886c       0xcc ./Drivers/STM32G4xx_HAL_Driver/Src/stm32g4xx_hal_tim.o
 .text.TIM_CCxChannelCmd
                0x0000000008008938       0x4a ./Drivers/STM32G4xx_HAL_Driver/Src/stm32g4xx_hal_tim.o
                0x0000000008008938                TIM_CCxChannelCmd
 *fill*         0x0000000008008982        0x2 
 .text.HAL_TIMEx_MasterConfigSynchronization
                0x0000000008008984      0x104 ./Drivers/STM32G4xx_HAL_Driver/Src/stm32g4xx_hal_tim_ex.o
                0x0000000008008984                HAL_TIMEx_MasterConfigSynchronization
 .text.HAL_TIMEx_ConfigBreakDeadTime
                0x0000000008008a88      0x140 ./Drivers/STM32G4xx_HAL_Driver/Src/stm32g4xx_hal_tim_ex.o
                0x0000000008008a88                HAL_TIMEx_ConfigBreakDeadTime
 .text.HAL_UART_Init
                0x0000000008008bc8       0xa0 ./Drivers/STM32G4xx_HAL_Driver/Src/stm32g4xx_hal_uart.o
                0x0000000008008bc8                HAL_UART_Init
 .text.UART_SetConfig
                0x0000000008008c68      0x598 ./Drivers/STM32G4xx_HAL_Driver/Src/stm32g4xx_hal_uart.o
                0x0000000008008c68                UART_SetConfig
 .text.UART_AdvFeatureConfig
                0x0000000008009200      0x144 ./Drivers/STM32G4xx_HAL_Driver/Src/stm32g4xx_hal_uart.o
                0x0000000008009200                UART_AdvFeatureConfig
 .text.UART_CheckIdleState
                0x0000000008009344       0x96 ./Drivers/STM32G4xx_HAL_Driver/Src/stm32g4xx_hal_uart.o
                0x0000000008009344                UART_CheckIdleState
 .text.UART_WaitOnFlagUntilTimeout
                0x00000000080093da      0x190 ./Drivers/STM32G4xx_HAL_Driver/Src/stm32g4xx_hal_uart.o
                0x00000000080093da                UART_WaitOnFlagUntilTimeout
 .text.HAL_UARTEx_DisableFifoMode
                0x000000000800956a       0x72 ./Drivers/STM32G4xx_HAL_Driver/Src/stm32g4xx_hal_uart_ex.o
                0x000000000800956a                HAL_UARTEx_DisableFifoMode
 .text.HAL_UARTEx_SetTxFifoThreshold
                0x00000000080095dc       0x7c ./Drivers/STM32G4xx_HAL_Driver/Src/stm32g4xx_hal_uart_ex.o
                0x00000000080095dc                HAL_UARTEx_SetTxFifoThreshold
 .text.HAL_UARTEx_SetRxFifoThreshold
                0x0000000008009658       0x7c ./Drivers/STM32G4xx_HAL_Driver/Src/stm32g4xx_hal_uart_ex.o
                0x0000000008009658                HAL_UARTEx_SetRxFifoThreshold
 .text.UARTEx_SetNbDataToProcess
                0x00000000080096d4       0x9c ./Drivers/STM32G4xx_HAL_Driver/Src/stm32g4xx_hal_uart_ex.o
 .text.__libc_init_array
                0x0000000008009770       0x48 /Applications/STM32CubeIDE.app/Contents/Eclipse/plugins/com.st.stm32cube.ide.mcu.externaltools.gnu-tools-for-stm32.10.3-2021.10.macos64_1.0.100.202210260954/tools/bin/../lib/gcc/arm-none-eabi/10.3.1/../../../../arm-none-eabi/lib/thumb/v7e-m+fp/hard/libc_nano.a(lib_a-init.o)
                0x0000000008009770                __libc_init_array
 .text.memcpy   0x00000000080097b8       0x1c /Applications/STM32CubeIDE.app/Contents/Eclipse/plugins/com.st.stm32cube.ide.mcu.externaltools.gnu-tools-for-stm32.10.3-2021.10.macos64_1.0.100.202210260954/tools/bin/../lib/gcc/arm-none-eabi/10.3.1/../../../../arm-none-eabi/lib/thumb/v7e-m+fp/hard/libc_nano.a(lib_a-memcpy-stub.o)
                0x00000000080097b8                memcpy
 .text.memset   0x00000000080097d4       0x10 /Applications/STM32CubeIDE.app/Contents/Eclipse/plugins/com.st.stm32cube.ide.mcu.externaltools.gnu-tools-for-stm32.10.3-2021.10.macos64_1.0.100.202210260954/tools/bin/../lib/gcc/arm-none-eabi/10.3.1/../../../../arm-none-eabi/lib/thumb/v7e-m+fp/hard/libc_nano.a(lib_a-memset.o)
                0x00000000080097d4                memset
 *(.glue_7)
 .glue_7        0x00000000080097e4        0x0 linker stubs
 *(.glue_7t)
 .glue_7t       0x00000000080097e4        0x0 linker stubs
 *(.eh_frame)
 .eh_frame      0x00000000080097e4        0x0 /Applications/STM32CubeIDE.app/Contents/Eclipse/plugins/com.st.stm32cube.ide.mcu.externaltools.gnu-tools-for-stm32.10.3-2021.10.macos64_1.0.100.202210260954/tools/bin/../lib/gcc/arm-none-eabi/10.3.1/thumb/v7e-m+fp/hard/crtbegin.o
 *(.init)
 .init          0x00000000080097e4        0x4 /Applications/STM32CubeIDE.app/Contents/Eclipse/plugins/com.st.stm32cube.ide.mcu.externaltools.gnu-tools-for-stm32.10.3-2021.10.macos64_1.0.100.202210260954/tools/bin/../lib/gcc/arm-none-eabi/10.3.1/thumb/v7e-m+fp/hard/crti.o
                0x00000000080097e4                _init
 .init          0x00000000080097e8        0x8 /Applications/STM32CubeIDE.app/Contents/Eclipse/plugins/com.st.stm32cube.ide.mcu.externaltools.gnu-tools-for-stm32.10.3-2021.10.macos64_1.0.100.202210260954/tools/bin/../lib/gcc/arm-none-eabi/10.3.1/thumb/v7e-m+fp/hard/crtn.o
 *(.fini)
 .fini          0x00000000080097f0        0x4 /Applications/STM32CubeIDE.app/Contents/Eclipse/plugins/com.st.stm32cube.ide.mcu.externaltools.gnu-tools-for-stm32.10.3-2021.10.macos64_1.0.100.202210260954/tools/bin/../lib/gcc/arm-none-eabi/10.3.1/thumb/v7e-m+fp/hard/crti.o
                0x00000000080097f0                _fini
 .fini          0x00000000080097f4        0x8 /Applications/STM32CubeIDE.app/Contents/Eclipse/plugins/com.st.stm32cube.ide.mcu.externaltools.gnu-tools-for-stm32.10.3-2021.10.macos64_1.0.100.202210260954/tools/bin/../lib/gcc/arm-none-eabi/10.3.1/thumb/v7e-m+fp/hard/crtn.o
                0x00000000080097fc                . = ALIGN (0x4)
                0x00000000080097fc                _etext = .

.vfp11_veneer   0x00000000080097fc        0x0
 .vfp11_veneer  0x00000000080097fc        0x0 linker stubs

.v4_bx          0x00000000080097fc        0x0
 .v4_bx         0x00000000080097fc        0x0 linker stubs

.iplt           0x00000000080097fc        0x0
 .iplt          0x00000000080097fc        0x0 /Applications/STM32CubeIDE.app/Contents/Eclipse/plugins/com.st.stm32cube.ide.mcu.externaltools.gnu-tools-for-stm32.10.3-2021.10.macos64_1.0.100.202210260954/tools/bin/../lib/gcc/arm-none-eabi/10.3.1/thumb/v7e-m+fp/hard/crtbegin.o

.rodata         0x00000000080097fc       0x58
                0x00000000080097fc                . = ALIGN (0x4)
 *(.rodata)
 .rodata        0x00000000080097fc        0x7 ./Core/Src/main.o
 *(.rodata*)
 *fill*         0x0000000008009803        0x1 
 .rodata.AHBPrescTable
                0x0000000008009804       0x10 ./Core/Src/system_stm32g4xx.o
                0x0000000008009804                AHBPrescTable
 .rodata.APBPrescTable
                0x0000000008009814        0x8 ./Core/Src/system_stm32g4xx.o
                0x0000000008009814                APBPrescTable
 .rodata.DLCtoBytes
                0x000000000800981c       0x10 ./Drivers/STM32G4xx_HAL_Driver/Src/stm32g4xx_hal_fdcan.o
 .rodata.UARTPrescTable
                0x000000000800982c       0x18 ./Drivers/STM32G4xx_HAL_Driver/Src/stm32g4xx_hal_uart.o
                0x000000000800982c                UARTPrescTable
 .rodata.numerator.1
                0x0000000008009844        0x8 ./Drivers/STM32G4xx_HAL_Driver/Src/stm32g4xx_hal_uart_ex.o
 .rodata.denominator.0
                0x000000000800984c        0x8 ./Drivers/STM32G4xx_HAL_Driver/Src/stm32g4xx_hal_uart_ex.o
                0x0000000008009854                . = ALIGN (0x4)

.ARM.extab      0x0000000008009854        0x0
                0x0000000008009854                . = ALIGN (0x4)
 *(.ARM.extab* .gnu.linkonce.armextab.*)
                0x0000000008009854                . = ALIGN (0x4)

.ARM            0x0000000008009854        0x8
                0x0000000008009854                . = ALIGN (0x4)
                0x0000000008009854                __exidx_start = .
 *(.ARM.exidx*)
 .ARM.exidx     0x0000000008009854        0x8 /Applications/STM32CubeIDE.app/Contents/Eclipse/plugins/com.st.stm32cube.ide.mcu.externaltools.gnu-tools-for-stm32.10.3-2021.10.macos64_1.0.100.202210260954/tools/bin/../lib/gcc/arm-none-eabi/10.3.1/thumb/v7e-m+fp/hard/libgcc.a(_udivmoddi4.o)
                0x000000000800985c                __exidx_end = .
                0x000000000800985c                . = ALIGN (0x4)

.rel.dyn        0x000000000800985c        0x0
 .rel.iplt      0x000000000800985c        0x0 /Applications/STM32CubeIDE.app/Contents/Eclipse/plugins/com.st.stm32cube.ide.mcu.externaltools.gnu-tools-for-stm32.10.3-2021.10.macos64_1.0.100.202210260954/tools/bin/../lib/gcc/arm-none-eabi/10.3.1/thumb/v7e-m+fp/hard/crtbegin.o

.preinit_array  0x000000000800985c        0x0
                0x000000000800985c                . = ALIGN (0x4)
                0x000000000800985c                PROVIDE (__preinit_array_start = .)
 *(.preinit_array*)
                0x000000000800985c                PROVIDE (__preinit_array_end = .)
                0x000000000800985c                . = ALIGN (0x4)

.init_array     0x000000000800985c        0x4
                0x000000000800985c                . = ALIGN (0x4)
                0x000000000800985c                PROVIDE (__init_array_start = .)
 *(SORT_BY_NAME(.init_array.*))
 *(.init_array*)
 .init_array    0x000000000800985c        0x4 /Applications/STM32CubeIDE.app/Contents/Eclipse/plugins/com.st.stm32cube.ide.mcu.externaltools.gnu-tools-for-stm32.10.3-2021.10.macos64_1.0.100.202210260954/tools/bin/../lib/gcc/arm-none-eabi/10.3.1/thumb/v7e-m+fp/hard/crtbegin.o
                0x0000000008009860                PROVIDE (__init_array_end = .)
                0x0000000008009860                . = ALIGN (0x4)

.fini_array     0x0000000008009860        0x4
                0x0000000008009860                . = ALIGN (0x4)
                [!provide]                        PROVIDE (__fini_array_start = .)
 *(SORT_BY_NAME(.fini_array.*))
 *(.fini_array*)
 .fini_array    0x0000000008009860        0x4 /Applications/STM32CubeIDE.app/Contents/Eclipse/plugins/com.st.stm32cube.ide.mcu.externaltools.gnu-tools-for-stm32.10.3-2021.10.macos64_1.0.100.202210260954/tools/bin/../lib/gcc/arm-none-eabi/10.3.1/thumb/v7e-m+fp/hard/crtbegin.o
                [!provide]                        PROVIDE (__fini_array_end = .)
                0x0000000008009864                . = ALIGN (0x4)
                0x0000000008009864                _sidata = LOADADDR (.data)

.data           0x0000000020000000       0x84 load address 0x0000000008009864
                0x0000000020000000                . = ALIGN (0x4)
                0x0000000020000000                _sdata = .
 *(.data)
 *(.data*)
 .data.ENDRE_FREKVENS
                0x0000000020000000        0x1 ./Core/Src/globvariabler_def.o
                0x0000000020000000                ENDRE_FREKVENS
 *fill*         0x0000000020000001        0x3 
 .data.BEGRENSING
                0x0000000020000004        0x4 ./Core/Src/globvariabler_def.o
                0x0000000020000004                BEGRENSING
 .data.motorkar
                0x0000000020000008        0x4 ./Core/Src/globvariabler_def.o
                0x0000000020000008                motorkar
 .data.lowpass_thruster
                0x000000002000000c        0x8 ./Core/Src/globvariabler_def.o
                0x000000002000000c                lowpass_thruster
 .data.lowpass_manpu_steg
                0x0000000020000014        0x8 ./Core/Src/globvariabler_def.o
                0x0000000020000014                lowpass_manpu_steg
 .data.lowpass_manpu_borste
                0x000000002000001c        0x8 ./Core/Src/globvariabler_def.o
                0x000000002000001c                lowpass_manpu_borste
 .data.pos_paa_PWM
                0x0000000020000024        0x8 ./Core/Src/globvariabler_def.o
                0x0000000020000024                pos_paa_PWM
 .data.neg_paa_PWM
                0x000000002000002c        0x8 ./Core/Src/globvariabler_def.o
                0x000000002000002c                neg_paa_PWM
 .data.pos_kr_paa
                0x0000000020000034        0x8 ./Core/Src/globvariabler_def.o
                0x0000000020000034                pos_kr_paa
 .data.neg_kr_paa
                0x000000002000003c        0x8 ./Core/Src/globvariabler_def.o
                0x000000002000003c                neg_kr_paa
 .data.thrust_sensitivitet
                0x0000000020000044       0x14 ./Core/Src/globvariabler_def.o
                0x0000000020000044                thrust_sensitivitet
 .data.manpu_sensitivitet
                0x0000000020000058       0x10 ./Core/Src/globvariabler_def.o
                0x0000000020000058                manpu_sensitivitet
 .data.manu_ARR_default
                0x0000000020000068        0x8 ./Core/Src/globvariabler_def.o
                0x0000000020000068                manu_ARR_default
 .data.PID_felles
                0x0000000020000070        0x8 ./Core/Src/globvariabler_def.o
                0x0000000020000070                PID_felles
 .data.SystemCoreClock
                0x0000000020000078        0x4 ./Core/Src/system_stm32g4xx.o
                0x0000000020000078                SystemCoreClock
 .data.uwTickPrio
                0x000000002000007c        0x4 ./Drivers/STM32G4xx_HAL_Driver/Src/stm32g4xx_hal.o
                0x000000002000007c                uwTickPrio
 .data.uwTickFreq
                0x0000000020000080        0x4 ./Drivers/STM32G4xx_HAL_Driver/Src/stm32g4xx_hal.o
                0x0000000020000080                uwTickFreq
 *(.RamFunc)
 *(.RamFunc*)
                0x0000000020000084                . = ALIGN (0x4)
                0x0000000020000084                _edata = .

.igot.plt       0x0000000020000084        0x0 load address 0x00000000080098e8
 .igot.plt      0x0000000020000084        0x0 /Applications/STM32CubeIDE.app/Contents/Eclipse/plugins/com.st.stm32cube.ide.mcu.externaltools.gnu-tools-for-stm32.10.3-2021.10.macos64_1.0.100.202210260954/tools/bin/../lib/gcc/arm-none-eabi/10.3.1/thumb/v7e-m+fp/hard/crtbegin.o
                0x0000000020000084                . = ALIGN (0x4)

.bss            0x0000000020000084      0x65c load address 0x00000000080098e8
                0x0000000020000084                _sbss = .
                0x0000000020000084                __bss_start__ = _sbss
 *(.bss)
 .bss           0x0000000020000084       0x1c /Applications/STM32CubeIDE.app/Contents/Eclipse/plugins/com.st.stm32cube.ide.mcu.externaltools.gnu-tools-for-stm32.10.3-2021.10.macos64_1.0.100.202210260954/tools/bin/../lib/gcc/arm-none-eabi/10.3.1/thumb/v7e-m+fp/hard/crtbegin.o
 *(.bss*)
 .bss.teller_til_aktiver_reg_hiv.0
                0x00000000200000a0        0x4 ./Core/Src/funksjoner_thruster.o
 .bss.REG_AKTIVER_DYBDE
                0x00000000200000a4        0x1 ./Core/Src/globvariabler_def.o
                0x00000000200000a4                REG_AKTIVER_DYBDE
 .bss.REG_AKTIVER
                0x00000000200000a5        0x1 ./Core/Src/globvariabler_def.o
                0x00000000200000a5                REG_AKTIVER
 .bss.MARCO     0x00000000200000a6        0x1 ./Core/Src/globvariabler_def.o
                0x00000000200000a6                MARCO
 .bss.MOTTATT_THRUST
                0x00000000200000a7        0x1 ./Core/Src/globvariabler_def.o
                0x00000000200000a7                MOTTATT_THRUST
 .bss.MOTTATT_MANIPULATOR
                0x00000000200000a8        0x1 ./Core/Src/globvariabler_def.o
                0x00000000200000a8                MOTTATT_MANIPULATOR
 .bss.MOTTATT_SENSOR
                0x00000000200000a9        0x1 ./Core/Src/globvariabler_def.o
                0x00000000200000a9                MOTTATT_SENSOR
 .bss.SUM_BIDRAG_STYRING
                0x00000000200000aa        0x1 ./Core/Src/globvariabler_def.o
                0x00000000200000aa                SUM_BIDRAG_STYRING
 .bss.SUM_BIDRAG_INKL_REG
                0x00000000200000ab        0x1 ./Core/Src/globvariabler_def.o
                0x00000000200000ab                SUM_BIDRAG_INKL_REG
 .bss.THRUST_TOPSIDE
                0x00000000200000ac        0x1 ./Core/Src/globvariabler_def.o
                0x00000000200000ac                THRUST_TOPSIDE
 .bss.LES_SEND_TEMP
                0x00000000200000ad        0x1 ./Core/Src/globvariabler_def.o
                0x00000000200000ad                LES_SEND_TEMP
 *fill*         0x00000000200000ae        0x2 
 .bss.sum_bidrag_int8
                0x00000000200000b0        0x8 ./Core/Src/globvariabler_def.o
                0x00000000200000b0                sum_bidrag_int8
 .bss.sum_bidrag_PWM
                0x00000000200000b8       0x10 ./Core/Src/globvariabler_def.o
                0x00000000200000b8                sum_bidrag_PWM
 .bss.operator_referanse
                0x00000000200000c8       0x14 ./Core/Src/globvariabler_def.o
                0x00000000200000c8                operator_referanse
 .bss.operator_referanse_int
                0x00000000200000dc        0x5 ./Core/Src/globvariabler_def.o
                0x00000000200000dc                operator_referanse_int
 *fill*         0x00000000200000e1        0x3 
 .bss.operatorbidrag
                0x00000000200000e4       0x20 ./Core/Src/globvariabler_def.o
                0x00000000200000e4                operatorbidrag
 .bss.sum_bidrag
                0x0000000020000104       0x20 ./Core/Src/globvariabler_def.o
                0x0000000020000104                sum_bidrag
 .bss.sum_bidrag_forrige1
                0x0000000020000124       0x20 ./Core/Src/globvariabler_def.o
                0x0000000020000124                sum_bidrag_forrige1
 .bss.reguleringbidrag_hiv
                0x0000000020000144       0x20 ./Core/Src/globvariabler_def.o
                0x0000000020000144                reguleringbidrag_hiv
 .bss.reguleringbidrag_stamp
                0x0000000020000164       0x20 ./Core/Src/globvariabler_def.o
                0x0000000020000164                reguleringbidrag_stamp
 .bss.reguleringbidrag_rull
                0x0000000020000184       0x20 ./Core/Src/globvariabler_def.o
                0x0000000020000184                reguleringbidrag_rull
 .bss.operator_manpu
                0x00000000200001a4       0x10 ./Core/Src/globvariabler_def.o
                0x00000000200001a4                operator_manpu
 .bss.operator_manpu_forrige1
                0x00000000200001b4       0x10 ./Core/Src/globvariabler_def.o
                0x00000000200001b4                operator_manpu_forrige1
 .bss.operator_manpu_int
                0x00000000200001c4        0x4 ./Core/Src/globvariabler_def.o
                0x00000000200001c4                operator_manpu_int
 .bss.operator_manpu_forrige1_int
                0x00000000200001c8        0x4 ./Core/Src/globvariabler_def.o
                0x00000000200001c8                operator_manpu_forrige1_int
 .bss.manu_ARR  0x00000000200001cc        0x8 ./Core/Src/globvariabler_def.o
                0x00000000200001cc                manu_ARR
 .bss.manu_CCR  0x00000000200001d4        0x8 ./Core/Src/globvariabler_def.o
                0x00000000200001d4                manu_CCR
 .bss.PID_hiv   0x00000000200001dc       0x3c ./Core/Src/globvariabler_def.o
                0x00000000200001dc                PID_hiv
 .bss.PID_stamp
                0x0000000020000218       0x3c ./Core/Src/globvariabler_def.o
                0x0000000020000218                PID_stamp
 .bss.PID_rull  0x0000000020000254       0x3c ./Core/Src/globvariabler_def.o
                0x0000000020000254                PID_rull
 .bss.sensordata
                0x0000000020000290        0xc ./Core/Src/globvariabler_def.o
                0x0000000020000290                sensordata
 .bss.REF       0x000000002000029c        0xc ./Core/Src/globvariabler_def.o
                0x000000002000029c                REF
 .bss.sensordata_int
                0x00000000200002a8        0x6 ./Core/Src/globvariabler_def.o
                0x00000000200002a8                sensordata_int
 *fill*         0x00000000200002ae        0x2 
 .bss.d_effekt  0x00000000200002b0        0x8 ./Core/Src/globvariabler_def.o
                0x00000000200002b0                d_effekt
 .bss.kraftdata
                0x00000000200002b8       0x14 ./Core/Src/globvariabler_def.o
                0x00000000200002b8                kraftdata
 .bss.kraftdata_int
                0x00000000200002cc        0x4 ./Core/Src/globvariabler_def.o
                0x00000000200002cc                kraftdata_int
 .bss.bryter_trykk
                0x00000000200002d0        0x1 ./Core/Src/globvariabler_def.o
                0x00000000200002d0                bryter_trykk
 .bss.bryter_forrige_status
                0x00000000200002d1        0x1 ./Core/Src/globvariabler_def.o
                0x00000000200002d1                bryter_forrige_status
 *fill*         0x00000000200002d2        0x2 
 .bss.ny_param  0x00000000200002d4        0x8 ./Core/Src/globvariabler_def.o
                0x00000000200002d4                ny_param
 .bss.hfdcan1   0x00000000200002dc       0x64 ./Core/Src/main.o
                0x00000000200002dc                hfdcan1
 .bss.hi2c3     0x0000000020000340       0x4c ./Core/Src/main.o
                0x0000000020000340                hi2c3
 .bss.hlpuart1  0x000000002000038c       0x90 ./Core/Src/main.o
                0x000000002000038c                hlpuart1
 .bss.hspi1     0x000000002000041c       0x64 ./Core/Src/main.o
                0x000000002000041c                hspi1
 .bss.htim1     0x0000000020000480       0x4c ./Core/Src/main.o
                0x0000000020000480                htim1
 .bss.htim2     0x00000000200004cc       0x4c ./Core/Src/main.o
                0x00000000200004cc                htim2
 .bss.htim3     0x0000000020000518       0x4c ./Core/Src/main.o
                0x0000000020000518                htim3
 .bss.htim8     0x0000000020000564       0x4c ./Core/Src/main.o
                0x0000000020000564                htim8
 .bss.htim15    0x00000000200005b0       0x4c ./Core/Src/main.o
                0x00000000200005b0                htim15
 .bss.htim16    0x00000000200005fc       0x4c ./Core/Src/main.o
                0x00000000200005fc                htim16
 .bss.sFilterConfig
                0x0000000020000648       0x18 ./Core/Src/main.o
                0x0000000020000648                sFilterConfig
 .bss.TxHeader  0x0000000020000660       0x24 ./Core/Src/main.o
                0x0000000020000660                TxHeader
 .bss.RxHeader  0x0000000020000684       0x28 ./Core/Src/main.o
                0x0000000020000684                RxHeader
 .bss.TxData    0x00000000200006ac        0x8 ./Core/Src/main.o
                0x00000000200006ac                TxData
 .bss.RxData    0x00000000200006b4        0x8 ./Core/Src/main.o
                0x00000000200006b4                RxData
 .bss.condition_evaluated.0
                0x00000000200006bc        0x1 ./Core/Src/main.o
 *fill*         0x00000000200006bd        0x3 
 .bss.teller_bryter.6
                0x00000000200006c0        0x4 ./Core/Src/stm32g4xx_it.o
 .bss.teller_siden_marco.5
                0x00000000200006c4        0x4 ./Core/Src/stm32g4xx_it.o
 .bss.teller_feil_CAN_styring.4
                0x00000000200006c8        0x4 ./Core/Src/stm32g4xx_it.o
 .bss.teller_feil_CAN_manpu.3
                0x00000000200006cc        0x4 ./Core/Src/stm32g4xx_it.o
 .bss.teller_timeout_send.2
                0x00000000200006d0        0x4 ./Core/Src/stm32g4xx_it.o
 .bss.teller_temp_topside.1
                0x00000000200006d4        0x4 ./Core/Src/stm32g4xx_it.o
 .bss.teller_thrust_topside.0
                0x00000000200006d8        0x4 ./Core/Src/stm32g4xx_it.o
 .bss.uwTick    0x00000000200006dc        0x4 ./Drivers/STM32G4xx_HAL_Driver/Src/stm32g4xx_hal.o
                0x00000000200006dc                uwTick
 *(COMMON)
                0x00000000200006e0                . = ALIGN (0x4)
                0x00000000200006e0                _ebss = .
                0x00000000200006e0                __bss_end__ = _ebss

._user_heap_stack
                0x00000000200006e0      0x600 load address 0x00000000080098e8
                0x00000000200006e0                . = ALIGN (0x8)
                [!provide]                        PROVIDE (end = .)
                0x00000000200006e0                PROVIDE (_end = .)
                0x00000000200008e0                . = (. + _Min_Heap_Size)
 *fill*         0x00000000200006e0      0x200 
                0x0000000020000ce0                . = (. + _Min_Stack_Size)
 *fill*         0x00000000200008e0      0x400 
                0x0000000020000ce0                . = ALIGN (0x8)

/DISCARD/
 libc.a(*)
 libm.a(*)
 libgcc.a(*)

.ARM.attributes
                0x0000000000000000       0x30
 *(.ARM.attributes)
 .ARM.attributes
                0x0000000000000000       0x1e /Applications/STM32CubeIDE.app/Contents/Eclipse/plugins/com.st.stm32cube.ide.mcu.externaltools.gnu-tools-for-stm32.10.3-2021.10.macos64_1.0.100.202210260954/tools/bin/../lib/gcc/arm-none-eabi/10.3.1/thumb/v7e-m+fp/hard/crti.o
 .ARM.attributes
                0x000000000000001e       0x34 /Applications/STM32CubeIDE.app/Contents/Eclipse/plugins/com.st.stm32cube.ide.mcu.externaltools.gnu-tools-for-stm32.10.3-2021.10.macos64_1.0.100.202210260954/tools/bin/../lib/gcc/arm-none-eabi/10.3.1/thumb/v7e-m+fp/hard/crtbegin.o
 .ARM.attributes
                0x0000000000000052       0x34 ./Core/Src/STTS75.o
 .ARM.attributes
                0x0000000000000086       0x34 ./Core/Src/funksjoner_manpu.o
 .ARM.attributes
                0x00000000000000ba       0x34 ./Core/Src/funksjoner_sensor.o
 .ARM.attributes
                0x00000000000000ee       0x34 ./Core/Src/funksjoner_test.o
 .ARM.attributes
                0x0000000000000122       0x34 ./Core/Src/funksjoner_thruster.o
 .ARM.attributes
                0x0000000000000156       0x34 ./Core/Src/globvariabler_def.o
 .ARM.attributes
                0x000000000000018a       0x34 ./Core/Src/main.o
 .ARM.attributes
                0x00000000000001be       0x34 ./Core/Src/stm32g4xx_hal_msp.o
 .ARM.attributes
                0x00000000000001f2       0x34 ./Core/Src/stm32g4xx_it.o
 .ARM.attributes
                0x0000000000000226       0x34 ./Core/Src/system_stm32g4xx.o
 .ARM.attributes
                0x000000000000025a       0x21 ./Core/Startup/startup_stm32g431rbtx.o
 .ARM.attributes
                0x000000000000027b       0x34 ./Drivers/STM32G4xx_HAL_Driver/Src/stm32g4xx_hal.o
 .ARM.attributes
                0x00000000000002af       0x34 ./Drivers/STM32G4xx_HAL_Driver/Src/stm32g4xx_hal_cortex.o
 .ARM.attributes
                0x00000000000002e3       0x34 ./Drivers/STM32G4xx_HAL_Driver/Src/stm32g4xx_hal_fdcan.o
 .ARM.attributes
                0x0000000000000317       0x34 ./Drivers/STM32G4xx_HAL_Driver/Src/stm32g4xx_hal_gpio.o
 .ARM.attributes
                0x000000000000034b       0x34 ./Drivers/STM32G4xx_HAL_Driver/Src/stm32g4xx_hal_i2c.o
 .ARM.attributes
                0x000000000000037f       0x34 ./Drivers/STM32G4xx_HAL_Driver/Src/stm32g4xx_hal_i2c_ex.o
 .ARM.attributes
                0x00000000000003b3       0x34 ./Drivers/STM32G4xx_HAL_Driver/Src/stm32g4xx_hal_pwr_ex.o
 .ARM.attributes
                0x00000000000003e7       0x34 ./Drivers/STM32G4xx_HAL_Driver/Src/stm32g4xx_hal_rcc.o
 .ARM.attributes
                0x000000000000041b       0x34 ./Drivers/STM32G4xx_HAL_Driver/Src/stm32g4xx_hal_rcc_ex.o
 .ARM.attributes
                0x000000000000044f       0x34 ./Drivers/STM32G4xx_HAL_Driver/Src/stm32g4xx_hal_spi.o
 .ARM.attributes
                0x0000000000000483       0x34 ./Drivers/STM32G4xx_HAL_Driver/Src/stm32g4xx_hal_tim.o
 .ARM.attributes
                0x00000000000004b7       0x34 ./Drivers/STM32G4xx_HAL_Driver/Src/stm32g4xx_hal_tim_ex.o
 .ARM.attributes
                0x00000000000004eb       0x34 ./Drivers/STM32G4xx_HAL_Driver/Src/stm32g4xx_hal_uart.o
 .ARM.attributes
                0x000000000000051f       0x34 ./Drivers/STM32G4xx_HAL_Driver/Src/stm32g4xx_hal_uart_ex.o
 .ARM.attributes
                0x0000000000000553       0x34 /Applications/STM32CubeIDE.app/Contents/Eclipse/plugins/com.st.stm32cube.ide.mcu.externaltools.gnu-tools-for-stm32.10.3-2021.10.macos64_1.0.100.202210260954/tools/bin/../lib/gcc/arm-none-eabi/10.3.1/../../../../arm-none-eabi/lib/thumb/v7e-m+fp/hard/libc_nano.a(lib_a-init.o)
 .ARM.attributes
                0x0000000000000587       0x34 /Applications/STM32CubeIDE.app/Contents/Eclipse/plugins/com.st.stm32cube.ide.mcu.externaltools.gnu-tools-for-stm32.10.3-2021.10.macos64_1.0.100.202210260954/tools/bin/../lib/gcc/arm-none-eabi/10.3.1/../../../../arm-none-eabi/lib/thumb/v7e-m+fp/hard/libc_nano.a(lib_a-memcpy-stub.o)
 .ARM.attributes
                0x00000000000005bb       0x34 /Applications/STM32CubeIDE.app/Contents/Eclipse/plugins/com.st.stm32cube.ide.mcu.externaltools.gnu-tools-for-stm32.10.3-2021.10.macos64_1.0.100.202210260954/tools/bin/../lib/gcc/arm-none-eabi/10.3.1/../../../../arm-none-eabi/lib/thumb/v7e-m+fp/hard/libc_nano.a(lib_a-memset.o)
 .ARM.attributes
                0x00000000000005ef       0x1e /Applications/STM32CubeIDE.app/Contents/Eclipse/plugins/com.st.stm32cube.ide.mcu.externaltools.gnu-tools-for-stm32.10.3-2021.10.macos64_1.0.100.202210260954/tools/bin/../lib/gcc/arm-none-eabi/10.3.1/thumb/v7e-m+fp/hard/libgcc.a(_arm_addsubdf3.o)
 .ARM.attributes
                0x000000000000060d       0x1e /Applications/STM32CubeIDE.app/Contents/Eclipse/plugins/com.st.stm32cube.ide.mcu.externaltools.gnu-tools-for-stm32.10.3-2021.10.macos64_1.0.100.202210260954/tools/bin/../lib/gcc/arm-none-eabi/10.3.1/thumb/v7e-m+fp/hard/libgcc.a(_arm_muldivdf3.o)
 .ARM.attributes
                0x000000000000062b       0x1e /Applications/STM32CubeIDE.app/Contents/Eclipse/plugins/com.st.stm32cube.ide.mcu.externaltools.gnu-tools-for-stm32.10.3-2021.10.macos64_1.0.100.202210260954/tools/bin/../lib/gcc/arm-none-eabi/10.3.1/thumb/v7e-m+fp/hard/libgcc.a(_arm_fixdfsi.o)
 .ARM.attributes
                0x0000000000000649       0x1e /Applications/STM32CubeIDE.app/Contents/Eclipse/plugins/com.st.stm32cube.ide.mcu.externaltools.gnu-tools-for-stm32.10.3-2021.10.macos64_1.0.100.202210260954/tools/bin/../lib/gcc/arm-none-eabi/10.3.1/thumb/v7e-m+fp/hard/libgcc.a(_arm_truncdfsf2.o)
 .ARM.attributes
                0x0000000000000667       0x1e /Applications/STM32CubeIDE.app/Contents/Eclipse/plugins/com.st.stm32cube.ide.mcu.externaltools.gnu-tools-for-stm32.10.3-2021.10.macos64_1.0.100.202210260954/tools/bin/../lib/gcc/arm-none-eabi/10.3.1/thumb/v7e-m+fp/hard/libgcc.a(_aeabi_uldivmod.o)
 .ARM.attributes
                0x0000000000000685       0x34 /Applications/STM32CubeIDE.app/Contents/Eclipse/plugins/com.st.stm32cube.ide.mcu.externaltools.gnu-tools-for-stm32.10.3-2021.10.macos64_1.0.100.202210260954/tools/bin/../lib/gcc/arm-none-eabi/10.3.1/thumb/v7e-m+fp/hard/libgcc.a(_udivmoddi4.o)
 .ARM.attributes
                0x00000000000006b9       0x1e /Applications/STM32CubeIDE.app/Contents/Eclipse/plugins/com.st.stm32cube.ide.mcu.externaltools.gnu-tools-for-stm32.10.3-2021.10.macos64_1.0.100.202210260954/tools/bin/../lib/gcc/arm-none-eabi/10.3.1/thumb/v7e-m+fp/hard/libgcc.a(_dvmd_tls.o)
 .ARM.attributes
                0x00000000000006d7       0x1e /Applications/STM32CubeIDE.app/Contents/Eclipse/plugins/com.st.stm32cube.ide.mcu.externaltools.gnu-tools-for-stm32.10.3-2021.10.macos64_1.0.100.202210260954/tools/bin/../lib/gcc/arm-none-eabi/10.3.1/thumb/v7e-m+fp/hard/crtn.o
OUTPUT(REGSYS_V1.elf elf32-littlearm)
LOAD linker stubs
LOAD /Applications/STM32CubeIDE.app/Contents/Eclipse/plugins/com.st.stm32cube.ide.mcu.externaltools.gnu-tools-for-stm32.10.3-2021.10.macos64_1.0.100.202210260954/tools/bin/../lib/gcc/arm-none-eabi/10.3.1/../../../../arm-none-eabi/lib/thumb/v7e-m+fp/hard/libc.a
LOAD /Applications/STM32CubeIDE.app/Contents/Eclipse/plugins/com.st.stm32cube.ide.mcu.externaltools.gnu-tools-for-stm32.10.3-2021.10.macos64_1.0.100.202210260954/tools/bin/../lib/gcc/arm-none-eabi/10.3.1/../../../../arm-none-eabi/lib/thumb/v7e-m+fp/hard/libm.a
LOAD /Applications/STM32CubeIDE.app/Contents/Eclipse/plugins/com.st.stm32cube.ide.mcu.externaltools.gnu-tools-for-stm32.10.3-2021.10.macos64_1.0.100.202210260954/tools/bin/../lib/gcc/arm-none-eabi/10.3.1/thumb/v7e-m+fp/hard/libgcc.a

.debug_info     0x0000000000000000    0x1d8f1
 .debug_info    0x0000000000000000      0x9f2 ./Core/Src/STTS75.o
 .debug_info    0x00000000000009f2      0x7b5 ./Core/Src/funksjoner_manpu.o
 .debug_info    0x00000000000011a7      0x772 ./Core/Src/funksjoner_sensor.o
 .debug_info    0x0000000000001919      0x3a7 ./Core/Src/funksjoner_test.o
 .debug_info    0x0000000000001cc0      0xacb ./Core/Src/funksjoner_thruster.o
 .debug_info    0x000000000000278b      0xb30 ./Core/Src/globvariabler_def.o
 .debug_info    0x00000000000032bb     0x2b76 ./Core/Src/main.o
 .debug_info    0x0000000000005e31     0x2202 ./Core/Src/stm32g4xx_hal_msp.o
 .debug_info    0x0000000000008033      0x818 ./Core/Src/stm32g4xx_it.o
 .debug_info    0x000000000000884b      0x59f ./Core/Src/system_stm32g4xx.o
 .debug_info    0x0000000000008dea       0x22 ./Core/Startup/startup_stm32g431rbtx.o
 .debug_info    0x0000000000008e0c      0xae3 ./Drivers/STM32G4xx_HAL_Driver/Src/stm32g4xx_hal.o
 .debug_info    0x00000000000098ef      0xdc4 ./Drivers/STM32G4xx_HAL_Driver/Src/stm32g4xx_hal_cortex.o
 .debug_info    0x000000000000a6b3     0x1964 ./Drivers/STM32G4xx_HAL_Driver/Src/stm32g4xx_hal_fdcan.o
 .debug_info    0x000000000000c017      0x82f ./Drivers/STM32G4xx_HAL_Driver/Src/stm32g4xx_hal_gpio.o
 .debug_info    0x000000000000c846     0x22ea ./Drivers/STM32G4xx_HAL_Driver/Src/stm32g4xx_hal_i2c.o
 .debug_info    0x000000000000eb30      0xb61 ./Drivers/STM32G4xx_HAL_Driver/Src/stm32g4xx_hal_i2c_ex.o
 .debug_info    0x000000000000f691      0x983 ./Drivers/STM32G4xx_HAL_Driver/Src/stm32g4xx_hal_pwr_ex.o
 .debug_info    0x0000000000010014      0xc53 ./Drivers/STM32G4xx_HAL_Driver/Src/stm32g4xx_hal_rcc.o
 .debug_info    0x0000000000010c67      0xcfe ./Drivers/STM32G4xx_HAL_Driver/Src/stm32g4xx_hal_rcc_ex.o
 .debug_info    0x0000000000011965     0x18b8 ./Drivers/STM32G4xx_HAL_Driver/Src/stm32g4xx_hal_spi.o
 .debug_info    0x000000000001321d     0x2e83 ./Drivers/STM32G4xx_HAL_Driver/Src/stm32g4xx_hal_tim.o
 .debug_info    0x00000000000160a0     0x1eea ./Drivers/STM32G4xx_HAL_Driver/Src/stm32g4xx_hal_tim_ex.o
 .debug_info    0x0000000000017f8a     0x4936 ./Drivers/STM32G4xx_HAL_Driver/Src/stm32g4xx_hal_uart.o
 .debug_info    0x000000000001c8c0     0x1031 ./Drivers/STM32G4xx_HAL_Driver/Src/stm32g4xx_hal_uart_ex.o

.debug_abbrev   0x0000000000000000     0x33bc
 .debug_abbrev  0x0000000000000000      0x18f ./Core/Src/STTS75.o
 .debug_abbrev  0x000000000000018f      0x25c ./Core/Src/funksjoner_manpu.o
 .debug_abbrev  0x00000000000003eb      0x173 ./Core/Src/funksjoner_sensor.o
 .debug_abbrev  0x000000000000055e       0xf3 ./Core/Src/funksjoner_test.o
 .debug_abbrev  0x0000000000000651      0x2a6 ./Core/Src/funksjoner_thruster.o
 .debug_abbrev  0x00000000000008f7       0xa1 ./Core/Src/globvariabler_def.o
 .debug_abbrev  0x0000000000000998      0x355 ./Core/Src/main.o
 .debug_abbrev  0x0000000000000ced      0x28a ./Core/Src/stm32g4xx_hal_msp.o
 .debug_abbrev  0x0000000000000f77      0x1bf ./Core/Src/stm32g4xx_it.o
 .debug_abbrev  0x0000000000001136      0x116 ./Core/Src/system_stm32g4xx.o
 .debug_abbrev  0x000000000000124c       0x12 ./Core/Startup/startup_stm32g431rbtx.o
 .debug_abbrev  0x000000000000125e      0x269 ./Drivers/STM32G4xx_HAL_Driver/Src/stm32g4xx_hal.o
 .debug_abbrev  0x00000000000014c7      0x30d ./Drivers/STM32G4xx_HAL_Driver/Src/stm32g4xx_hal_cortex.o
 .debug_abbrev  0x00000000000017d4      0x1d3 ./Drivers/STM32G4xx_HAL_Driver/Src/stm32g4xx_hal_fdcan.o
 .debug_abbrev  0x00000000000019a7      0x1bb ./Drivers/STM32G4xx_HAL_Driver/Src/stm32g4xx_hal_gpio.o
 .debug_abbrev  0x0000000000001b62      0x243 ./Drivers/STM32G4xx_HAL_Driver/Src/stm32g4xx_hal_i2c.o
 .debug_abbrev  0x0000000000001da5      0x1b0 ./Drivers/STM32G4xx_HAL_Driver/Src/stm32g4xx_hal_i2c_ex.o
 .debug_abbrev  0x0000000000001f55      0x229 ./Drivers/STM32G4xx_HAL_Driver/Src/stm32g4xx_hal_pwr_ex.o
 .debug_abbrev  0x000000000000217e      0x2bd ./Drivers/STM32G4xx_HAL_Driver/Src/stm32g4xx_hal_rcc.o
 .debug_abbrev  0x000000000000243b      0x247 ./Drivers/STM32G4xx_HAL_Driver/Src/stm32g4xx_hal_rcc_ex.o
 .debug_abbrev  0x0000000000002682      0x254 ./Drivers/STM32G4xx_HAL_Driver/Src/stm32g4xx_hal_spi.o
 .debug_abbrev  0x00000000000028d6      0x28e ./Drivers/STM32G4xx_HAL_Driver/Src/stm32g4xx_hal_tim.o
 .debug_abbrev  0x0000000000002b64      0x2ab ./Drivers/STM32G4xx_HAL_Driver/Src/stm32g4xx_hal_tim_ex.o
 .debug_abbrev  0x0000000000002e0f      0x2f0 ./Drivers/STM32G4xx_HAL_Driver/Src/stm32g4xx_hal_uart.o
 .debug_abbrev  0x00000000000030ff      0x2bd ./Drivers/STM32G4xx_HAL_Driver/Src/stm32g4xx_hal_uart_ex.o

.debug_aranges  0x0000000000000000     0x18d8
 .debug_aranges
                0x0000000000000000       0x38 ./Core/Src/STTS75.o
 .debug_aranges
                0x0000000000000038       0x68 ./Core/Src/funksjoner_manpu.o
 .debug_aranges
                0x00000000000000a0       0x70 ./Core/Src/funksjoner_sensor.o
 .debug_aranges
                0x0000000000000110       0x28 ./Core/Src/funksjoner_test.o
 .debug_aranges
                0x0000000000000138       0xb0 ./Core/Src/funksjoner_thruster.o
 .debug_aranges
                0x00000000000001e8       0x18 ./Core/Src/globvariabler_def.o
 .debug_aranges
                0x0000000000000200       0xb0 ./Core/Src/main.o
 .debug_aranges
                0x00000000000002b0       0x88 ./Core/Src/stm32g4xx_hal_msp.o
 .debug_aranges
                0x0000000000000338       0x68 ./Core/Src/stm32g4xx_it.o
 .debug_aranges
                0x00000000000003a0       0x28 ./Core/Src/system_stm32g4xx.o
 .debug_aranges
                0x00000000000003c8       0x28 ./Core/Startup/startup_stm32g431rbtx.o
 .debug_aranges
                0x00000000000003f0      0x130 ./Drivers/STM32G4xx_HAL_Driver/Src/stm32g4xx_hal.o
 .debug_aranges
                0x0000000000000520      0x118 ./Drivers/STM32G4xx_HAL_Driver/Src/stm32g4xx_hal_cortex.o
 .debug_aranges
                0x0000000000000638      0x208 ./Drivers/STM32G4xx_HAL_Driver/Src/stm32g4xx_hal_fdcan.o
 .debug_aranges
                0x0000000000000840       0x58 ./Drivers/STM32G4xx_HAL_Driver/Src/stm32g4xx_hal_gpio.o
 .debug_aranges
                0x0000000000000898      0x290 ./Drivers/STM32G4xx_HAL_Driver/Src/stm32g4xx_hal_i2c.o
 .debug_aranges
                0x0000000000000b28       0x48 ./Drivers/STM32G4xx_HAL_Driver/Src/stm32g4xx_hal_i2c_ex.o
 .debug_aranges
                0x0000000000000b70      0x140 ./Drivers/STM32G4xx_HAL_Driver/Src/stm32g4xx_hal_pwr_ex.o
 .debug_aranges
                0x0000000000000cb0       0x98 ./Drivers/STM32G4xx_HAL_Driver/Src/stm32g4xx_hal_rcc.o
 .debug_aranges
                0x0000000000000d48       0xb0 ./Drivers/STM32G4xx_HAL_Driver/Src/stm32g4xx_hal_rcc_ex.o
 .debug_aranges
                0x0000000000000df8      0x1d8 ./Drivers/STM32G4xx_HAL_Driver/Src/stm32g4xx_hal_spi.o
 .debug_aranges
                0x0000000000000fd0      0x3e0 ./Drivers/STM32G4xx_HAL_Driver/Src/stm32g4xx_hal_tim.o
 .debug_aranges
                0x00000000000013b0      0x240 ./Drivers/STM32G4xx_HAL_Driver/Src/stm32g4xx_hal_tim_ex.o
 .debug_aranges
                0x00000000000015f0      0x248 ./Drivers/STM32G4xx_HAL_Driver/Src/stm32g4xx_hal_uart.o
 .debug_aranges
                0x0000000000001838       0xa0 ./Drivers/STM32G4xx_HAL_Driver/Src/stm32g4xx_hal_uart_ex.o

.debug_ranges   0x0000000000000000     0x1778
 .debug_ranges  0x0000000000000000       0x28 ./Core/Src/STTS75.o
 .debug_ranges  0x0000000000000028       0x58 ./Core/Src/funksjoner_manpu.o
 .debug_ranges  0x0000000000000080       0x60 ./Core/Src/funksjoner_sensor.o
 .debug_ranges  0x00000000000000e0       0x18 ./Core/Src/funksjoner_test.o
 .debug_ranges  0x00000000000000f8       0xa0 ./Core/Src/funksjoner_thruster.o
 .debug_ranges  0x0000000000000198       0xa0 ./Core/Src/main.o
 .debug_ranges  0x0000000000000238       0x78 ./Core/Src/stm32g4xx_hal_msp.o
 .debug_ranges  0x00000000000002b0       0x58 ./Core/Src/stm32g4xx_it.o
 .debug_ranges  0x0000000000000308       0x18 ./Core/Src/system_stm32g4xx.o
 .debug_ranges  0x0000000000000320       0x20 ./Core/Startup/startup_stm32g431rbtx.o
 .debug_ranges  0x0000000000000340      0x120 ./Drivers/STM32G4xx_HAL_Driver/Src/stm32g4xx_hal.o
 .debug_ranges  0x0000000000000460      0x108 ./Drivers/STM32G4xx_HAL_Driver/Src/stm32g4xx_hal_cortex.o
 .debug_ranges  0x0000000000000568      0x1f8 ./Drivers/STM32G4xx_HAL_Driver/Src/stm32g4xx_hal_fdcan.o
 .debug_ranges  0x0000000000000760       0x48 ./Drivers/STM32G4xx_HAL_Driver/Src/stm32g4xx_hal_gpio.o
 .debug_ranges  0x00000000000007a8      0x280 ./Drivers/STM32G4xx_HAL_Driver/Src/stm32g4xx_hal_i2c.o
 .debug_ranges  0x0000000000000a28       0x38 ./Drivers/STM32G4xx_HAL_Driver/Src/stm32g4xx_hal_i2c_ex.o
 .debug_ranges  0x0000000000000a60      0x130 ./Drivers/STM32G4xx_HAL_Driver/Src/stm32g4xx_hal_pwr_ex.o
 .debug_ranges  0x0000000000000b90       0x88 ./Drivers/STM32G4xx_HAL_Driver/Src/stm32g4xx_hal_rcc.o
 .debug_ranges  0x0000000000000c18       0xa0 ./Drivers/STM32G4xx_HAL_Driver/Src/stm32g4xx_hal_rcc_ex.o
 .debug_ranges  0x0000000000000cb8      0x1c8 ./Drivers/STM32G4xx_HAL_Driver/Src/stm32g4xx_hal_spi.o
 .debug_ranges  0x0000000000000e80      0x3d0 ./Drivers/STM32G4xx_HAL_Driver/Src/stm32g4xx_hal_tim.o
 .debug_ranges  0x0000000000001250      0x230 ./Drivers/STM32G4xx_HAL_Driver/Src/stm32g4xx_hal_tim_ex.o
 .debug_ranges  0x0000000000001480      0x268 ./Drivers/STM32G4xx_HAL_Driver/Src/stm32g4xx_hal_uart.o
 .debug_ranges  0x00000000000016e8       0x90 ./Drivers/STM32G4xx_HAL_Driver/Src/stm32g4xx_hal_uart_ex.o

.debug_macro    0x0000000000000000    0x212e2
 .debug_macro   0x0000000000000000      0x20f ./Core/Src/STTS75.o
 .debug_macro   0x000000000000020f      0xa78 ./Core/Src/STTS75.o
 .debug_macro   0x0000000000000c87      0x16d ./Core/Src/STTS75.o
 .debug_macro   0x0000000000000df4       0x2e ./Core/Src/STTS75.o
 .debug_macro   0x0000000000000e22       0x28 ./Core/Src/STTS75.o
 .debug_macro   0x0000000000000e4a       0x22 ./Core/Src/STTS75.o
 .debug_macro   0x0000000000000e6c       0x8e ./Core/Src/STTS75.o
 .debug_macro   0x0000000000000efa       0x51 ./Core/Src/STTS75.o
 .debug_macro   0x0000000000000f4b      0x103 ./Core/Src/STTS75.o
 .debug_macro   0x000000000000104e       0x6a ./Core/Src/STTS75.o
 .debug_macro   0x00000000000010b8      0x1df ./Core/Src/STTS75.o
 .debug_macro   0x0000000000001297       0x1c ./Core/Src/STTS75.o
 .debug_macro   0x00000000000012b3       0x22 ./Core/Src/STTS75.o
 .debug_macro   0x00000000000012d5       0xfb ./Core/Src/STTS75.o
 .debug_macro   0x00000000000013d0     0x1011 ./Core/Src/STTS75.o
 .debug_macro   0x00000000000023e1      0x11f ./Core/Src/STTS75.o
 .debug_macro   0x0000000000002500    0x11396 ./Core/Src/STTS75.o
 .debug_macro   0x0000000000013896       0x6d ./Core/Src/STTS75.o
 .debug_macro   0x0000000000013903     0x3554 ./Core/Src/STTS75.o
 .debug_macro   0x0000000000016e57      0x174 ./Core/Src/STTS75.o
 .debug_macro   0x0000000000016fcb       0x5c ./Core/Src/STTS75.o
 .debug_macro   0x0000000000017027     0x141d ./Core/Src/STTS75.o
 .debug_macro   0x0000000000018444      0x535 ./Core/Src/STTS75.o
 .debug_macro   0x0000000000018979      0x1b6 ./Core/Src/STTS75.o
 .debug_macro   0x0000000000018b2f      0x288 ./Core/Src/STTS75.o
 .debug_macro   0x0000000000018db7      0x41d ./Core/Src/STTS75.o
 .debug_macro   0x00000000000191d4      0x18b ./Core/Src/STTS75.o
 .debug_macro   0x000000000001935f       0x43 ./Core/Src/STTS75.o
 .debug_macro   0x00000000000193a2      0x23d ./Core/Src/STTS75.o
 .debug_macro   0x00000000000195df      0x211 ./Core/Src/STTS75.o
 .debug_macro   0x00000000000197f0      0x6af ./Core/Src/STTS75.o
 .debug_macro   0x0000000000019e9f      0x401 ./Core/Src/STTS75.o
 .debug_macro   0x000000000001a2a0      0x107 ./Core/Src/STTS75.o
 .debug_macro   0x000000000001a3a7      0x22c ./Core/Src/STTS75.o
 .debug_macro   0x000000000001a5d3       0x61 ./Core/Src/STTS75.o
 .debug_macro   0x000000000001a634       0xa5 ./Core/Src/STTS75.o
 .debug_macro   0x000000000001a6d9      0x122 ./Core/Src/STTS75.o
 .debug_macro   0x000000000001a7fb      0x3d1 ./Core/Src/STTS75.o
 .debug_macro   0x000000000001abcc      0x2fe ./Core/Src/STTS75.o
 .debug_macro   0x000000000001aeca      0xbbe ./Core/Src/STTS75.o
 .debug_macro   0x000000000001ba88      0x47e ./Core/Src/STTS75.o
 .debug_macro   0x000000000001bf06      0x67e ./Core/Src/STTS75.o
 .debug_macro   0x000000000001c584       0xa6 ./Core/Src/STTS75.o
 .debug_macro   0x000000000001c62a      0x306 ./Core/Src/STTS75.o
 .debug_macro   0x000000000001c930       0x58 ./Core/Src/STTS75.o
 .debug_macro   0x000000000001c988      0x399 ./Core/Src/funksjoner_manpu.o
 .debug_macro   0x000000000001cd21       0x34 ./Core/Src/funksjoner_manpu.o
 .debug_macro   0x000000000001cd55       0x52 ./Core/Src/funksjoner_manpu.o
 .debug_macro   0x000000000001cda7       0x1e ./Core/Src/funksjoner_manpu.o
 .debug_macro   0x000000000001cdc5       0x3c ./Core/Src/funksjoner_manpu.o
 .debug_macro   0x000000000001ce01       0x34 ./Core/Src/funksjoner_manpu.o
 .debug_macro   0x000000000001ce35       0x16 ./Core/Src/funksjoner_manpu.o
 .debug_macro   0x000000000001ce4b       0x43 ./Core/Src/funksjoner_manpu.o
 .debug_macro   0x000000000001ce8e       0x34 ./Core/Src/funksjoner_manpu.o
 .debug_macro   0x000000000001cec2       0x10 ./Core/Src/funksjoner_manpu.o
 .debug_macro   0x000000000001ced2       0x58 ./Core/Src/funksjoner_manpu.o
 .debug_macro   0x000000000001cf2a       0x71 ./Core/Src/funksjoner_manpu.o
 .debug_macro   0x000000000001cf9b       0x1c ./Core/Src/funksjoner_manpu.o
 .debug_macro   0x000000000001cfb7      0x12a ./Core/Src/funksjoner_manpu.o
 .debug_macro   0x000000000001d0e1      0x341 ./Core/Src/funksjoner_manpu.o
 .debug_macro   0x000000000001d422      0x19b ./Core/Src/funksjoner_manpu.o
 .debug_macro   0x000000000001d5bd       0x1c ./Core/Src/funksjoner_manpu.o
 .debug_macro   0x000000000001d5d9       0x35 ./Core/Src/funksjoner_manpu.o
 .debug_macro   0x000000000001d60e       0x10 ./Core/Src/funksjoner_manpu.o
 .debug_macro   0x000000000001d61e       0x10 ./Core/Src/funksjoner_manpu.o
 .debug_macro   0x000000000001d62e       0x1c ./Core/Src/funksjoner_manpu.o
 .debug_macro   0x000000000001d64a       0x52 ./Core/Src/funksjoner_manpu.o
 .debug_macro   0x000000000001d69c       0x22 ./Core/Src/funksjoner_manpu.o
 .debug_macro   0x000000000001d6be       0x10 ./Core/Src/funksjoner_manpu.o
 .debug_macro   0x000000000001d6ce       0x52 ./Core/Src/funksjoner_manpu.o
 .debug_macro   0x000000000001d720       0xd5 ./Core/Src/funksjoner_manpu.o
 .debug_macro   0x000000000001d7f5       0x1c ./Core/Src/funksjoner_manpu.o
 .debug_macro   0x000000000001d811       0x3d ./Core/Src/funksjoner_manpu.o
 .debug_macro   0x000000000001d84e       0x16 ./Core/Src/funksjoner_manpu.o
 .debug_macro   0x000000000001d864      0x145 ./Core/Src/funksjoner_manpu.o
 .debug_macro   0x000000000001d9a9      0x3ac ./Core/Src/funksjoner_sensor.o
 .debug_macro   0x000000000001dd55      0x3a3 ./Core/Src/funksjoner_test.o
 .debug_macro   0x000000000001e0f8      0x399 ./Core/Src/funksjoner_thruster.o
 .debug_macro   0x000000000001e491      0x21f ./Core/Src/globvariabler_def.o
 .debug_macro   0x000000000001e6b0      0x438 ./Core/Src/main.o
 .debug_macro   0x000000000001eae8       0x16 ./Core/Src/main.o
 .debug_macro   0x000000000001eafe       0x16 ./Core/Src/main.o
 .debug_macro   0x000000000001eb14       0x20 ./Core/Src/main.o
 .debug_macro   0x000000000001eb34       0x16 ./Core/Src/main.o
 .debug_macro   0x000000000001eb4a       0x16 ./Core/Src/main.o
 .debug_macro   0x000000000001eb60       0x29 ./Core/Src/main.o
 .debug_macro   0x000000000001eb89      0x215 ./Core/Src/stm32g4xx_hal_msp.o
 .debug_macro   0x000000000001ed9e      0x3d4 ./Core/Src/stm32g4xx_it.o
 .debug_macro   0x000000000001f172      0x206 ./Core/Src/system_stm32g4xx.o
 .debug_macro   0x000000000001f378      0x254 ./Drivers/STM32G4xx_HAL_Driver/Src/stm32g4xx_hal.o
 .debug_macro   0x000000000001f5cc      0x206 ./Drivers/STM32G4xx_HAL_Driver/Src/stm32g4xx_hal_cortex.o
 .debug_macro   0x000000000001f7d2      0x318 ./Drivers/STM32G4xx_HAL_Driver/Src/stm32g4xx_hal_fdcan.o
 .debug_macro   0x000000000001faea      0x20d ./Drivers/STM32G4xx_HAL_Driver/Src/stm32g4xx_hal_gpio.o
 .debug_macro   0x000000000001fcf7      0x2d2 ./Drivers/STM32G4xx_HAL_Driver/Src/stm32g4xx_hal_i2c.o
 .debug_macro   0x000000000001ffc9      0x206 ./Drivers/STM32G4xx_HAL_Driver/Src/stm32g4xx_hal_i2c_ex.o
 .debug_macro   0x00000000000201cf      0x230 ./Drivers/STM32G4xx_HAL_Driver/Src/stm32g4xx_hal_pwr_ex.o
 .debug_macro   0x00000000000203ff      0x248 ./Drivers/STM32G4xx_HAL_Driver/Src/stm32g4xx_hal_rcc.o
 .debug_macro   0x0000000000020647      0x230 ./Drivers/STM32G4xx_HAL_Driver/Src/stm32g4xx_hal_rcc_ex.o
 .debug_macro   0x0000000000020877      0x20e ./Drivers/STM32G4xx_HAL_Driver/Src/stm32g4xx_hal_spi.o
 .debug_macro   0x0000000000020a85      0x20e ./Drivers/STM32G4xx_HAL_Driver/Src/stm32g4xx_hal_tim.o
 .debug_macro   0x0000000000020c93      0x20c ./Drivers/STM32G4xx_HAL_Driver/Src/stm32g4xx_hal_tim_ex.o
 .debug_macro   0x0000000000020e9f      0x231 ./Drivers/STM32G4xx_HAL_Driver/Src/stm32g4xx_hal_uart.o
 .debug_macro   0x00000000000210d0      0x212 ./Drivers/STM32G4xx_HAL_Driver/Src/stm32g4xx_hal_uart_ex.o

.debug_line     0x0000000000000000    0x1e795
 .debug_line    0x0000000000000000      0x872 ./Core/Src/STTS75.o
 .debug_line    0x0000000000000872      0xcda ./Core/Src/funksjoner_manpu.o
 .debug_line    0x000000000000154c      0xdf8 ./Core/Src/funksjoner_sensor.o
 .debug_line    0x0000000000002344      0xa25 ./Core/Src/funksjoner_test.o
 .debug_line    0x0000000000002d69     0x1182 ./Core/Src/funksjoner_thruster.o
 .debug_line    0x0000000000003eeb      0x785 ./Core/Src/globvariabler_def.o
 .debug_line    0x0000000000004670     0x1119 ./Core/Src/main.o
 .debug_line    0x0000000000005789      0xace ./Core/Src/stm32g4xx_hal_msp.o
 .debug_line    0x0000000000006257      0xb74 ./Core/Src/stm32g4xx_it.o
 .debug_line    0x0000000000006dcb      0x7ef ./Core/Src/system_stm32g4xx.o
 .debug_line    0x00000000000075ba       0x89 ./Core/Startup/startup_stm32g431rbtx.o
 .debug_line    0x0000000000007643      0xb66 ./Drivers/STM32G4xx_HAL_Driver/Src/stm32g4xx_hal.o
 .debug_line    0x00000000000081a9      0xd19 ./Drivers/STM32G4xx_HAL_Driver/Src/stm32g4xx_hal_cortex.o
 .debug_line    0x0000000000008ec2     0x18cf ./Drivers/STM32G4xx_HAL_Driver/Src/stm32g4xx_hal_fdcan.o
 .debug_line    0x000000000000a791      0xba9 ./Drivers/STM32G4xx_HAL_Driver/Src/stm32g4xx_hal_gpio.o
 .debug_line    0x000000000000b33a     0x340d ./Drivers/STM32G4xx_HAL_Driver/Src/stm32g4xx_hal_i2c.o
 .debug_line    0x000000000000e747      0x9a3 ./Drivers/STM32G4xx_HAL_Driver/Src/stm32g4xx_hal_i2c_ex.o
 .debug_line    0x000000000000f0ea      0xd1d ./Drivers/STM32G4xx_HAL_Driver/Src/stm32g4xx_hal_pwr_ex.o
 .debug_line    0x000000000000fe07      0xf7c ./Drivers/STM32G4xx_HAL_Driver/Src/stm32g4xx_hal_rcc.o
 .debug_line    0x0000000000010d83     0x113f ./Drivers/STM32G4xx_HAL_Driver/Src/stm32g4xx_hal_rcc_ex.o
 .debug_line    0x0000000000011ec2     0x1fb0 ./Drivers/STM32G4xx_HAL_Driver/Src/stm32g4xx_hal_spi.o
 .debug_line    0x0000000000013e72     0x3e6d ./Drivers/STM32G4xx_HAL_Driver/Src/stm32g4xx_hal_tim.o
 .debug_line    0x0000000000017cdf     0x20e9 ./Drivers/STM32G4xx_HAL_Driver/Src/stm32g4xx_hal_tim_ex.o
 .debug_line    0x0000000000019dc8     0x3bbc ./Drivers/STM32G4xx_HAL_Driver/Src/stm32g4xx_hal_uart.o
 .debug_line    0x000000000001d984      0xe11 ./Drivers/STM32G4xx_HAL_Driver/Src/stm32g4xx_hal_uart_ex.o

.debug_str      0x0000000000000000    0xd19d7
 .debug_str     0x0000000000000000    0xc4c1f ./Core/Src/STTS75.o
                                      0xc4f87 (size before relaxing)
 .debug_str     0x00000000000c4c1f     0x4904 ./Core/Src/funksjoner_manpu.o
                                      0xc9035 (size before relaxing)
 .debug_str     0x00000000000c9523      0x3b8 ./Core/Src/funksjoner_sensor.o
                                      0xc92f8 (size before relaxing)
 .debug_str     0x00000000000c98db       0x87 ./Core/Src/funksjoner_test.o
                                      0xc8e18 (size before relaxing)
 .debug_str     0x00000000000c9962      0x27f ./Core/Src/funksjoner_thruster.o
                                      0xc924d (size before relaxing)
 .debug_str     0x00000000000c9be1      0x14f ./Core/Src/globvariabler_def.o
                                      0xc4d95 (size before relaxing)
 .debug_str     0x00000000000c9d30     0x139a ./Core/Src/main.o
                                      0xcae0c (size before relaxing)
 .debug_str     0x00000000000cb0ca      0x77a ./Core/Src/stm32g4xx_hal_msp.o
                                      0xc6062 (size before relaxing)
 .debug_str     0x00000000000cb844      0x181 ./Core/Src/stm32g4xx_it.o
                                      0xc94af (size before relaxing)
 .debug_str     0x00000000000cb9c5       0xdb ./Core/Src/system_stm32g4xx.o
                                      0xc489e (size before relaxing)
 .debug_str     0x00000000000cbaa0       0x36 ./Core/Startup/startup_stm32g431rbtx.o
                                         0x7e (size before relaxing)