../Core/Src/funksjoner_thruster.c:15:6:null_bidrag_horisontal	16	static
../Core/Src/funksjoner_thruster.c:22:6:null_bidrag_vertikal	16	static
../Core/Src/funksjoner_thruster.c:30:6:null_bidrag_alle_regvar	8	static
../Core/Src/funksjoner_thruster.c:41:6:beregning_operatorbidrag	24	static
../Core/Src/funksjoner_thruster.c:122:6:beregn_sum_bidrag	4	static
../Core/Src/funksjoner_thruster.c:147:8:sjekk_saturation	4	static
../Core/Src/funksjoner_thruster.c:159:6:skalere_ned_saturation	64	static
../Core/Src/funksjoner_thruster.c:206:6:horisontal_demping	16	static
../Core/Src/funksjoner_thruster.c:216:6:vertikal_demping	16	static
../Core/Src/funksjoner_thruster.c:224:5:differanse_sjekk	24	static
../Core/Src/funksjoner_thruster.c:237:5:horisontal_differanse	8	static
../Core/Src/funksjoner_thruster.c:254:5:vertikal_differanse	8	static
../Core/Src/funksjoner_thruster.c:276:6:effekt_begrensing	4	static
../Core/Src/funksjoner_thruster.c:290:5:effekt_sjekk	4	static
../Core/Src/funksjoner_thruster.c:321:9:konverter_paadrag_PWM	16	static
../Core/Src/funksjoner_thruster.c:327:6:konverter_sum_bidrag_PWM	8	static
../Core/Src/funksjoner_thruster.c:342:6:send_thruster_PWM	4	static
../Core/Src/funksjoner_thruster.c:357:6:thruster_data_lagring	16	static
../Core/Src/funksjoner_thruster.c:383:6:behandle_sum_bidrag	8	static
