../Core/Src/main.c:114:6:oppstartCAN	16	static
../Core/Src/main.c:149:6:sendCAN	16	static
../Core/Src/main.c:160:6:TX_kopier_thrustpaadrag	4	static
../Core/Src/main.c:176:6:shiftUT	16	static
../Core/Src/main.c:203:5:main	48	static
../Core/Src/main.c:386:6:SystemClock_Config	88	static
../Core/Src/main.c:433:13:MX_FDCAN1_Init	8	static
../Core/Src/main.c:476:13:MX_I2C3_Init	8	static
../Core/Src/main.c:524:13:MX_LPUART1_UART_Init	8	static
../Core/Src/main.c:571:13:MX_SPI1_Init	8	static
../Core/Src/main.c:611:13:MX_TIM1_Init	104	static
../Core/Src/main.c:695:13:MX_TIM2_Init	48	static
../Core/Src/main.c:756:13:MX_TIM3_Init	48	static
../Core/Src/main.c:805:13:MX_TIM8_Init	104	static
../Core/Src/main.c:877:13:MX_TIM15_Init	104	static
../Core/Src/main.c:943:13:MX_TIM16_Init	88	static
../Core/Src/main.c:1006:13:MX_GPIO_Init	48	static
../Core/Src/main.c:1058:6:HAL_FDCAN_RxFifo0Callback	16	static
../Core/Src/main.c:1156:6:Error_Handler	4	static,ignoring_inline_asm
